Archive member included to satisfy reference by file (symbol)

c:/program files (x86)/gnu tools arm embedded/5.4 2016q2/bin/../lib/gcc/arm-none-eabi/5.4.1/../../../../arm-none-eabi/lib/armv7-m\libc.a(lib_a-memcpy.o)
                              FLASH_RUN/lpc17xx_emac.o (memcpy)
c:/program files (x86)/gnu tools arm embedded/5.4 2016q2/bin/../lib/gcc/arm-none-eabi/5.4.1/../../../../arm-none-eabi/lib/armv7-m\libc.a(lib_a-memset.o)
                              FLASH_RUN/mem.o (memset)
c:/program files (x86)/gnu tools arm embedded/5.4 2016q2/bin/../lib/gcc/arm-none-eabi/5.4.1/../../../../arm-none-eabi/lib/armv7-m\libc.a(lib_a-strlen-stub.o)
                              FLASH_RUN/pbuf.o (strlen)

Allocating common symbols
Common symbol       size              file

current_iphdr_src   0x4               FLASH_RUN/ip.o
dataArr             0x1000            FLASH_RUN/bootLoader.o
netif_list          0x4               FLASH_RUN/netif.o
command_parameter   0x4               FLASH_RUN/main.o
command_RW          0x1               FLASH_RUN/main.o
pbuf_ptr            0x4               FLASH_RUN/main.o
xfunc_in            0x4               FLASH_RUN/monitor.o
command_type        0x1               FLASH_RUN/main.o
tcp_active_pcbs     0x4               FLASH_RUN/tcp.o
udp_pcbs            0x4               FLASH_RUN/udp.o
current_netif       0x4               FLASH_RUN/ip.o
output              0x14              FLASH_RUN/bootLoader.o
tcp_ticks           0x4               FLASH_RUN/tcp.o
tcp_listen_pcbs     0x4               FLASH_RUN/tcp.o
responseData        0x4               FLASH_RUN/main.o
current_iphdr_dest  0x4               FLASH_RUN/ip.o
command_ptr         0x4               FLASH_RUN/main.o
xfunc_out           0x4               FLASH_RUN/monitor.o
command             0x14              FLASH_RUN/bootLoader.o
tcp_tmp_pcb         0x4               FLASH_RUN/tcp.o
tcp_input_pcb       0x4               FLASH_RUN/tcp_in.o
current_header      0x4               FLASH_RUN/ip.o
device_ID           0x4               FLASH_RUN/main.o
tcp_bound_pcbs      0x4               FLASH_RUN/tcp.o
return_code         0x4               FLASH_RUN/bootLoader.o
tcp_tw_pcbs         0x4               FLASH_RUN/tcp.o
lwip_stats          0x116             FLASH_RUN/stats.o
netif_default       0x4               FLASH_RUN/netif.o
systick_counter     0x4               FLASH_RUN/main.o
timer_tick          0x4               FLASH_RUN/main.o
ram_heap            0x654             FLASH_RUN/mem.o

Discarded input sections

 .data          0x00000000        0x0 FLASH_RUN/startup_LPC17xx.o
 .bss           0x00000000        0x0 FLASH_RUN/startup_LPC17xx.o
 .ARM.extab.cs3.reset
                0x00000000        0x0 FLASH_RUN/startup_LPC17xx.o
 .text          0x00000000        0x0 FLASH_RUN/main.o
 .data          0x00000000        0x0 FLASH_RUN/main.o
 .bss           0x00000000        0x0 FLASH_RUN/main.o
 .bss.last_arp_time
                0x00000000        0x4 FLASH_RUN/main.o
 .bss.last_tcpslow_time
                0x00000000        0x4 FLASH_RUN/main.o
 .bss.last_tcpfast_time
                0x00000000        0x4 FLASH_RUN/main.o
 .bss.last_tcp_time
                0x00000000        0x4 FLASH_RUN/main.o
 .bss.last_dhcpcoarse_time
                0x00000000        0x4 FLASH_RUN/main.o
 .bss.last_dhcpfine_time
                0x00000000        0x4 FLASH_RUN/main.o
 .bss.light_on  0x00000000        0x4 FLASH_RUN/main.o
 .bss.light_off
                0x00000000        0x4 FLASH_RUN/main.o
 .bss.recvd_UDP_data
                0x00000000        0x4 FLASH_RUN/main.o
 .bss.recvd_TCP_data
                0x00000000        0x4 FLASH_RUN/main.o
 .rodata.iap_entry
                0x00000000        0x4 FLASH_RUN/main.o
 .bss.timeCounter
                0x00000000        0x4 FLASH_RUN/main.o
 .bss.state     0x00000000        0x1 FLASH_RUN/main.o
 .text.client_close
                0x00000000       0x28 FLASH_RUN/main.o
 .text.client_sent
                0x00000000       0x20 FLASH_RUN/main.o
 .text.client_init
                0x00000000       0x48 FLASH_RUN/main.o
 .rodata        0x00000000        0xe FLASH_RUN/main.o
 .text.client_connected
                0x00000000       0x48 FLASH_RUN/main.o
 .text.Delay    0x00000000       0x2c FLASH_RUN/main.o
 .text.sendTCP  0x00000000       0x20 FLASH_RUN/main.o
 .text          0x00000000        0x0 FLASH_RUN/clock-arch.o
 .data          0x00000000        0x0 FLASH_RUN/clock-arch.o
 .bss           0x00000000        0x0 FLASH_RUN/clock-arch.o
 .text.clock_init
                0x00000000       0x10 FLASH_RUN/clock-arch.o
 .text.clock_time
                0x00000000       0x14 FLASH_RUN/clock-arch.o
 .text          0x00000000        0x0 FLASH_RUN/rtc_cal.o
 .data          0x00000000        0x0 FLASH_RUN/rtc_cal.o
 .bss           0x00000000        0x0 FLASH_RUN/rtc_cal.o
 .text.rtc_cal_config
                0x00000000       0x88 FLASH_RUN/rtc_cal.o
 .text.rtc_cal_init
                0x00000000       0x3c FLASH_RUN/rtc_cal.o
[...]
Memory Configuration

Name             Origin             Length             Attributes
rom              0x00000000         0x00010000         xr
ram              0x10000000         0x00008000         xrw
ahbb0            0x2007c000         0x00004000         rw
*default*        0x00000000         0xffffffff

Linker script and memory map

LOAD FLASH_RUN/startup_LPC17xx.o
LOAD FLASH_RUN/main.o
LOAD FLASH_RUN/clock-arch.o
LOAD FLASH_RUN/rtc_cal.o
LOAD FLASH_RUN/comm.o
LOAD FLASH_RUN/monitor.o
LOAD FLASH_RUN/syscalls.o
LOAD FLASH_RUN/delay.o
LOAD FLASH_RUN/bootLoader.o
LOAD FLASH_RUN/system_LPC17xx.o
LOAD FLASH_RUN/lpc17xx_clkpwr.o
LOAD FLASH_RUN/lpc17xx_pinsel.o
LOAD FLASH_RUN/lpc17xx_gpio.o
LOAD FLASH_RUN/lpc17xx_uart.o
LOAD FLASH_RUN/lpc17xx_emac.o
LOAD FLASH_RUN/init.o
LOAD FLASH_RUN/mem.o
LOAD FLASH_RUN/memp.o
LOAD FLASH_RUN/netif.o
LOAD FLASH_RUN/tcp.o
LOAD FLASH_RUN/stats.o
LOAD FLASH_RUN/tcp_out.o
LOAD FLASH_RUN/tcp_in.o
LOAD FLASH_RUN/pbuf.o
LOAD FLASH_RUN/timers.o
LOAD FLASH_RUN/def.o
LOAD FLASH_RUN/raw.o
LOAD FLASH_RUN/udp.o
LOAD FLASH_RUN/dhcp.o
LOAD FLASH_RUN/ip.o
LOAD FLASH_RUN/inet_chksum.o
LOAD FLASH_RUN/ip_addr.o
LOAD FLASH_RUN/ip_frag.o
LOAD FLASH_RUN/icmp.o
LOAD FLASH_RUN/ethernetif.o
LOAD FLASH_RUN/etharp.o
LOAD c:/program files (x86)/gnu tools arm embedded/5.4 2016q2/bin/../lib/gcc/arm-none-eabi/5.4.1/../../../../arm-none-eabi/lib/armv7-m\libc.a
LOAD c:/program files (x86)/gnu tools arm embedded/5.4 2016q2/bin/../lib/gcc/arm-none-eabi/5.4.1/../../../../arm-none-eabi/lib/armv7-m\libm.a
LOAD c:/program files (x86)/gnu tools arm embedded/5.4 2016q2/bin/../lib/gcc/arm-none-eabi/5.4.1/../../../../arm-none-eabi/lib/armv7-m\libc.a
LOAD c:/program files (x86)/gnu tools arm embedded/5.4 2016q2/bin/../lib/gcc/arm-none-eabi/5.4.1/armv7-m\libgcc.a
START GROUP
LOAD c:/program files (x86)/gnu tools arm embedded/5.4 2016q2/bin/../lib/gcc/arm-none-eabi/5.4.1/armv7-m\libgcc.a
LOAD c:/program files (x86)/gnu tools arm embedded/5.4 2016q2/bin/../lib/gcc/arm-none-eabi/5.4.1/../../../../arm-none-eabi/lib/armv7-m\libg.a
LOAD c:/program files (x86)/gnu tools arm embedded/5.4 2016q2/bin/../lib/gcc/arm-none-eabi/5.4.1/../../../../arm-none-eabi/lib/armv7-m\libc.a
END GROUP
                0x10008000                PROVIDE (__cs3_stack, (__cs3_region_start_ram + __cs3_region_size_ram))
                [!provide]                PROVIDE (__cs3_stack_size, ((__cs3_region_start_ram + __cs3_region_size_ram) - _end))
                [!provide]                PROVIDE (__cs3_heap_start, _end)
                [!provide]                PROVIDE (__cs3_heap_end, (__cs3_region_start_ram + __cs3_region_size_ram))

.text           0x00000000     0x98b4
                0x00000000                __cs3_region_start_rom = .
 *(.cs3.region-head.rom)
                0x00000000                __cs3_interrupt_vector = __cs3_interrupt_vector_cortex_m
 *(.cs3.interrupt_vector)
 .cs3.interrupt_vector
                0x00000000       0xc4 FLASH_RUN/startup_LPC17xx.o
                0x00000000                __cs3_interrupt_vector_cortex_m
                0x00000001                ASSERT ((. != __cs3_interrupt_vector_cortex_m), No interrupt vector)
 *(.rom)
 *(.rom.b)
                0x000000c4                __cs3_reset = __cs3_reset_cortex_m
 *(.cs3.reset)
 .cs3.reset     0x000000c4       0x60 FLASH_RUN/startup_LPC17xx.o
                0x000000c4                __cs3_reset_cortex_m
                0x00000118                NMI_Handler
                0x0000011a                HardFault_Handler
                0x0000011c                MemManage_Handler
                0x0000011e                BusFault_Handler
                0x00000120                UsageFault_Handler
                0x00000001                ASSERT ((. != __cs3_reset), No reset code)
 *(.text .text.* .gnu.linkonce.t.*)
 .text          0x00000124        0xa FLASH_RUN/startup_LPC17xx.o
                0x00000124                SVC_Handler
                0x00000126                DebugMon_Handler
                0x00000128                PendSV_Handler
                0x0000012c                PWM1_IRQHandler
                0x0000012c                I2C0_IRQHandler
                0x0000012c                RIT_IRQHandler
                0x0000012c                I2C1_IRQHandler
                0x0000012c                EINT2_IRQHandler
                0x0000012c                UART1_IRQHandler
                0x0000012c                EINT3_IRQHandler
                0x0000012c                TIMER3_IRQHandler
                0x0000012c                PLL0_IRQHandler
                0x0000012c                CAN_IRQHandler
                0x0000012c                PLL1_IRQHandler
                0x0000012c                SSP0_IRQHandler
                0x0000012c                I2S_IRQHandler
                0x0000012c                I2C2_IRQHandler
                0x0000012c                RTC_IRQHandler
                0x0000012c                TIMER0_IRQHandler
                0x0000012c                SPI_IRQHandler
                0x0000012c                EINT1_IRQHandler
                0x0000012c                TIMER1_IRQHandler
                0x0000012c                UART2_IRQHandler
                0x0000012c                Default_Handler
                0x0000012c                ADC_IRQHandler
                0x0000012c                SSP1_IRQHandler
                0x0000012c                USB_IRQHandler
                0x0000012c                BOD_IRQHandler
                0x0000012c                WDT_IRQHandler
                0x0000012c                TIMER2_IRQHandler
                0x0000012c                QEI_IRQHandler
                0x0000012c                EINT0_IRQHandler
                0x0000012c                DMA_IRQHandler
                0x0000012c                UART3_IRQHandler
                0x0000012c                MCPWM_IRQHandler
                0x0000012c                ENET_IRQHandler
 *fill*         0x0000012e        0x2 
 .text.NVIC_SetPriority
                0x00000130       0x54 FLASH_RUN/main.o
 .text.SysTick_Config
                0x00000184       0x44 FLASH_RUN/main.o
 .text.SysTick_Handler
                0x000001c8       0x30 FLASH_RUN/main.o
                0x000001c8                SysTick_Handler
 .text.lwip_init
                0x000001f8       0x78 FLASH_RUN/main.o
 .text.acceptTCP
                0x00000270       0x5c FLASH_RUN/main.o
                0x00000270                acceptTCP
 .text.recvTCP  0x000002cc       0x28 FLASH_RUN/main.o
                0x000002cc                recvTCP
 .text.errorTCP
                0x000002f4       0x24 FLASH_RUN/main.o
                0x000002f4                errorTCP
 .text.sentTCP  0x00000318       0x1c FLASH_RUN/main.o
                0x00000318                sentTCP
 .text.closeTCP
                0x00000334       0x50 FLASH_RUN/main.o
                0x00000334                closeTCP
 .text.pollTCP  0x00000384       0x44 FLASH_RUN/main.o
                0x00000384                pollTCP
 .text.main     0x000003c8       0x64 FLASH_RUN/main.o
                0x000003c8                main
 .text.startup_delay
                0x0000042c       0x28 FLASH_RUN/main.o
                0x0000042c                startup_delay
 .text.NVIC_EnableIRQ
                0x00000454       0x30 FLASH_RUN/comm.o
 .text.NVIC_SetPriority
                0x00000484       0x54 FLASH_RUN/comm.o
 .text.UART0_IRQHandler
                0x000004d8        0xc FLASH_RUN/comm.o
                0x000004d8                UART0_IRQHandler
 .text.UART_IntReceive
                0x000004e4       0x5c FLASH_RUN/comm.o
 .text.UART_IntTransmit
                0x00000540       0x9c FLASH_RUN/comm.o
 .text.UART_IntErr
                0x000005dc       0x10 FLASH_RUN/comm.o
 .text.UARTSend
                0x000005ec       0x94 FLASH_RUN/comm.o
 .text.UARTReceive
                0x00000680       0x80 FLASH_RUN/comm.o
 .text.uart_init_intern
                0x00000700       0xe8 FLASH_RUN/comm.o
 .text.comm_get
                0x000007e8       0x30 FLASH_RUN/comm.o
                0x000007e8                comm_get
 .text.comm_put
                0x00000818       0x30 FLASH_RUN/comm.o
                0x00000818                comm_put
 .text.comm_init
                0x00000848        0xc FLASH_RUN/comm.o
                0x00000848                comm_init
 .text.xcomm_put
                0x00000854       0x1c FLASH_RUN/comm.o
                0x00000854                xcomm_put
 .text.xcomm_get
                0x00000870       0x10 FLASH_RUN/comm.o
                0x00000870                xcomm_get
 .text.xputc    0x00000880       0x30 FLASH_RUN/monitor.o
                0x00000880                xputc
 .text.xputs    0x000008b0       0x28 FLASH_RUN/monitor.o
                0x000008b0                xputs
 .text.xprintf  0x000008d8      0x27c FLASH_RUN/monitor.o
                0x000008d8                xprintf
 .text.SystemInit
                0x00000b54      0x138 FLASH_RUN/system_LPC17xx.o
                0x00000b54                SystemInit
 .text.CLKPWR_GetPCLKSEL
                0x00000c8c       0x48 FLASH_RUN/lpc17xx_clkpwr.o
                0x00000c8c                CLKPWR_GetPCLKSEL
 .text.CLKPWR_GetPCLK
                0x00000cd4       0x64 FLASH_RUN/lpc17xx_clkpwr.o
                0x00000cd4                CLKPWR_GetPCLK
 .text.CLKPWR_ConfigPPWR
                0x00000d38       0x58 FLASH_RUN/lpc17xx_clkpwr.o
                0x00000d38                CLKPWR_ConfigPPWR
 .text.PINSEL_SetPinFunc
                0x00000d90       0x84 FLASH_RUN/lpc17xx_pinsel.o
                0x00000d90                PINSEL_SetPinFunc
 .text.PINSEL_SetResistorMode
                0x00000e14       0x84 FLASH_RUN/lpc17xx_pinsel.o
                0x00000e14                PINSEL_SetResistorMode
 .text.PINSEL_SetOpenDrainMode
                0x00000e98       0x6c FLASH_RUN/lpc17xx_pinsel.o
                0x00000e98                PINSEL_SetOpenDrainMode
 .text.PINSEL_ConfigPin
                0x00000f04       0x48 FLASH_RUN/lpc17xx_pinsel.o
                0x00000f04                PINSEL_ConfigPin
 .text.getUartNum
                0x00000f4c       0x44 FLASH_RUN/lpc17xx_uart.o
                0x00000f4c                getUartNum
 .text.uart_set_divisors
                0x00000f90      0x20c FLASH_RUN/lpc17xx_uart.o
                0x00000f90                uart_set_divisors
 .text.UART_GenIntHandler
                0x0000119c      0x168 FLASH_RUN/lpc17xx_uart.o
                0x0000119c                UART_GenIntHandler
 .text.UART_Init
                0x00001304      0x244 FLASH_RUN/lpc17xx_uart.o
                0x00001304                UART_Init
 .text.UART_ConfigStructInit
                0x00001548       0x2c FLASH_RUN/lpc17xx_uart.o
                0x00001548                UART_ConfigStructInit
 .text.UART_SendData
                0x00001574       0x30 FLASH_RUN/lpc17xx_uart.o
                0x00001574                UART_SendData
 .text.UART_ReceiveData
                0x000015a4       0x2c FLASH_RUN/lpc17xx_uart.o
                0x000015a4                UART_ReceiveData
 .text.UART_IntConfig
                0x000015d0       0xd8 FLASH_RUN/lpc17xx_uart.o
                0x000015d0                UART_IntConfig
 .text.UART_CheckBusy
                0x000016a8       0x28 FLASH_RUN/lpc17xx_uart.o
                0x000016a8                UART_CheckBusy
 .text.UART_FIFOConfig
                0x000016d0       0xa8 FLASH_RUN/lpc17xx_uart.o
                0x000016d0                UART_FIFOConfig
 .text.UART_FIFOConfigStructInit
                0x00001778       0x2c FLASH_RUN/lpc17xx_uart.o
                0x00001778                UART_FIFOConfigStructInit
 .text.UART_TxCmd
                0x000017a4       0x7c FLASH_RUN/lpc17xx_uart.o
                0x000017a4                UART_TxCmd
 .text.UART_Send
                0x00001820       0xec FLASH_RUN/lpc17xx_uart.o
                0x00001820                UART_Send
 .text.UART_Receive
                0x0000190c       0xbc FLASH_RUN/lpc17xx_uart.o
                0x0000190c                UART_Receive
 .text.UART_SetupCbs
                0x000019c8       0x90 FLASH_RUN/lpc17xx_uart.o
                0x000019c8                UART_SetupCbs
 .text.UART0_StdIntHandler
                0x00001a58       0x14 FLASH_RUN/lpc17xx_uart.o
                0x00001a58                UART0_StdIntHandler
 .text.EMAC_Init
                0x00001a6c      0x2e0 FLASH_RUN/lpc17xx_emac.o
                0x00001a6c                EMAC_Init
 .text.write_PHY
                0x00001d4c       0x54 FLASH_RUN/lpc17xx_emac.o
 .text.read_PHY
                0x00001da0       0x64 FLASH_RUN/lpc17xx_emac.o
 .text.EMAC_SendPacket
                0x00001e04       0xd0 FLASH_RUN/lpc17xx_emac.o
                0x00001e04                EMAC_SendPacket
 .text.rx_descr_init
                0x00001ed4       0xb0 FLASH_RUN/lpc17xx_emac.o
 .text.tx_descr_init
                0x00001f84       0xa0 FLASH_RUN/lpc17xx_emac.o
 .text.plug_holes
                0x00002024       0xbc FLASH_RUN/mem.o
 .text.mem_init
                0x000020e0       0x88 FLASH_RUN/mem.o
                0x000020e0                mem_init
 .text.mem_free
                0x00002168       0x9c FLASH_RUN/mem.o
                0x00002168                mem_free
 .text.mem_trim
                0x00002204      0x1bc FLASH_RUN/mem.o
                0x00002204                mem_trim
 .text.mem_malloc
                0x000023c0      0x1d4 FLASH_RUN/mem.o
                0x000023c0                mem_malloc
 .text.memp_init
                0x00002594       0xf4 FLASH_RUN/memp.o
                0x00002594                memp_init
 .text.memp_malloc
                0x00002688       0xe8 FLASH_RUN/memp.o
                0x00002688                memp_malloc
 .text.memp_free
                0x00002770       0x68 FLASH_RUN/memp.o
                0x00002770                memp_free
 .text.netif_add
                0x000027d8       0x84 FLASH_RUN/netif.o
                0x000027d8                netif_add
 .text.netif_set_addr
                0x0000285c       0x30 FLASH_RUN/netif.o
                0x0000285c                netif_set_addr
 .text.netif_set_ipaddr
                0x0000288c       0xac FLASH_RUN/netif.o
                0x0000288c                netif_set_ipaddr
 .text.netif_set_gw
                0x00002938       0x28 FLASH_RUN/netif.o
                0x00002938                netif_set_gw
 .text.netif_set_netmask
                0x00002960       0x28 FLASH_RUN/netif.o
                0x00002960                netif_set_netmask
 .text.netif_set_default
                0x00002988       0x1c FLASH_RUN/netif.o
                0x00002988                netif_set_default
 .text.netif_set_up
                0x000029a4       0x58 FLASH_RUN/netif.o
                0x000029a4                netif_set_up
 .text.tcp_tmr  0x000029fc       0x2c FLASH_RUN/tcp.o
                0x000029fc                tcp_tmr
 .text.tcp_close_shutdown
                0x00002a28      0x218 FLASH_RUN/tcp.o
 .text.tcp_close
                0x00002c40       0x34 FLASH_RUN/tcp.o
                0x00002c40                tcp_close
 .text.tcp_abandon
                0x00002c74       0xdc FLASH_RUN/tcp.o
                0x00002c74                tcp_abandon
 .text.tcp_abort
                0x00002d50       0x18 FLASH_RUN/tcp.o
                0x00002d50                tcp_abort
 .text.tcp_update_rcv_ann_wnd
                0x00002d68       0x80 FLASH_RUN/tcp.o
                0x00002d68                tcp_update_rcv_ann_wnd
 .text.tcp_recved
                0x00002de8       0x60 FLASH_RUN/tcp.o
                0x00002de8                tcp_recved
 .text.tcp_new_port
                0x00002e48       0x74 FLASH_RUN/tcp.o
 .text.tcp_connect
                0x00002ebc      0x1a0 FLASH_RUN/tcp.o
                0x00002ebc                tcp_connect
 .text.tcp_slowtmr
                0x0000305c      0x400 FLASH_RUN/tcp.o
                0x0000305c                tcp_slowtmr
 .text.tcp_fasttmr
                0x0000345c       0xc4 FLASH_RUN/tcp.o
                0x0000345c                tcp_fasttmr
 .text.tcp_segs_free
                0x00003520       0x28 FLASH_RUN/tcp.o
                0x00003520                tcp_segs_free
 .text.tcp_seg_free
                0x00003548       0x30 FLASH_RUN/tcp.o
                0x00003548                tcp_seg_free
 .text.tcp_setprio
                0x00003578       0x1c FLASH_RUN/tcp.o
                0x00003578                tcp_setprio
 .text.tcp_seg_copy
                0x00003594       0x38 FLASH_RUN/tcp.o
                0x00003594                tcp_seg_copy
 .text.tcp_recv_null
                0x000035cc       0x44 FLASH_RUN/tcp.o
                0x000035cc                tcp_recv_null
 .text.tcp_kill_prio
                0x00003610       0x80 FLASH_RUN/tcp.o
 .text.tcp_kill_timewait
                0x00003690       0x60 FLASH_RUN/tcp.o
 .text.tcp_alloc
                0x000036f0      0x13c FLASH_RUN/tcp.o
                0x000036f0                tcp_alloc
 .text.tcp_new  0x0000382c       0x10 FLASH_RUN/tcp.o
                0x0000382c                tcp_new
 .text.tcp_arg  0x0000383c       0x1c FLASH_RUN/tcp.o
                0x0000383c                tcp_arg
 .text.tcp_recv
                0x00003858       0x1c FLASH_RUN/tcp.o
                0x00003858                tcp_recv
 .text.tcp_sent
                0x00003874       0x1c FLASH_RUN/tcp.o
                0x00003874                tcp_sent
 .text.tcp_err  0x00003890       0x1c FLASH_RUN/tcp.o
                0x00003890                tcp_err
 .text.tcp_poll
                0x000038ac       0x28 FLASH_RUN/tcp.o
                0x000038ac                tcp_poll
 .text.tcp_pcb_purge
                0x000038d4       0x88 FLASH_RUN/tcp.o
                0x000038d4                tcp_pcb_purge
 .text.tcp_pcb_remove
                0x0000395c       0xb0 FLASH_RUN/tcp.o
                0x0000395c                tcp_pcb_remove
 .text.tcp_next_iss
                0x00003a0c       0x28 FLASH_RUN/tcp.o
                0x00003a0c                tcp_next_iss
 .text.tcp_eff_send_mss
                0x00003a34       0x40 FLASH_RUN/tcp.o
                0x00003a34                tcp_eff_send_mss
 .text.tcp_output_alloc_header
                0x00003a74       0xd0 FLASH_RUN/tcp_out.o
 .text.tcp_send_fin
                0x00003b44       0x70 FLASH_RUN/tcp_out.o
                0x00003b44                tcp_send_fin
 .text.tcp_create_segment
                0x00003bb4      0x118 FLASH_RUN/tcp_out.o
 .text.tcp_enqueue_flags
                0x00003ccc      0x1e4 FLASH_RUN/tcp_out.o
                0x00003ccc                tcp_enqueue_flags
 .text.tcp_send_empty_ack
                0x00003eb0       0x98 FLASH_RUN/tcp_out.o
                0x00003eb0                tcp_send_empty_ack
 .text.tcp_output
                0x00003f48      0x2e8 FLASH_RUN/tcp_out.o
                0x00003f48                tcp_output
 .text.tcp_output_segment
                0x00004230      0x168 FLASH_RUN/tcp_out.o
 .text.tcp_rst  0x00004398       0xe8 FLASH_RUN/tcp_out.o
                0x00004398                tcp_rst
 .text.tcp_rexmit_rto
                0x00004480       0x64 FLASH_RUN/tcp_out.o
                0x00004480                tcp_rexmit_rto
 .text.tcp_rexmit
                0x000044e4       0x88 FLASH_RUN/tcp_out.o
                0x000044e4                tcp_rexmit
 .text.tcp_rexmit_fast
                0x0000456c       0xac FLASH_RUN/tcp_out.o
                0x0000456c                tcp_rexmit_fast
 .text.tcp_keepalive
                0x00004618       0x88 FLASH_RUN/tcp_out.o
                0x00004618                tcp_keepalive
 .text.tcp_zero_window_probe
                0x000046a0      0x130 FLASH_RUN/tcp_out.o
                0x000046a0                tcp_zero_window_probe
 .text.tcp_input
                0x000047d0      0x6f4 FLASH_RUN/tcp_in.o
                0x000047d0                tcp_input
 .text.tcp_listen_input
                0x00004ec4      0x17c FLASH_RUN/tcp_in.o
 .text.tcp_timewait_input
                0x00005040       0xd8 FLASH_RUN/tcp_in.o
 .text.tcp_process
                0x00005118      0x6c8 FLASH_RUN/tcp_in.o
 .text.tcp_oos_insert_segment
                0x000057e0       0xec FLASH_RUN/tcp_in.o
 .text.tcp_receive
                0x000058cc      0xe28 FLASH_RUN/tcp_in.o
 .text.tcp_parseopt
                0x000066f4      0x104 FLASH_RUN/tcp_in.o
 .text.pbuf_alloc
                0x000067f8      0x1f0 FLASH_RUN/pbuf.o
                0x000067f8                pbuf_alloc
 .text.pbuf_alloced_custom
                0x000069e8       0xb8 FLASH_RUN/pbuf.o
                0x000069e8                pbuf_alloced_custom
 .text.pbuf_realloc
                0x00006aa0       0xc8 FLASH_RUN/pbuf.o
                0x00006aa0                pbuf_realloc
 .text.pbuf_header
                0x00006b68       0xdc FLASH_RUN/pbuf.o
                0x00006b68                pbuf_header
 .text.pbuf_free
                0x00006c44       0xb8 FLASH_RUN/pbuf.o
                0x00006c44                pbuf_free
 .text.pbuf_clen
                0x00006cfc       0x2c FLASH_RUN/pbuf.o
                0x00006cfc                pbuf_clen
 .text.pbuf_ref
                0x00006d28       0x24 FLASH_RUN/pbuf.o
                0x00006d28                pbuf_ref
 .text.pbuf_cat
                0x00006d4c       0x5c FLASH_RUN/pbuf.o
                0x00006d4c                pbuf_cat
 .text.pbuf_copy
                0x00006da8      0x100 FLASH_RUN/pbuf.o
                0x00006da8                pbuf_copy
 .text.pbuf_copy_partial
                0x00006ea8       0xc8 FLASH_RUN/pbuf.o
                0x00006ea8                pbuf_copy_partial
 .text.tcpip_tcp_timer
                0x00006f70       0x48 FLASH_RUN/timers.o
 .text.tcp_timer_needed
                0x00006fb8       0x40 FLASH_RUN/timers.o
                0x00006fb8                tcp_timer_needed
 .text.sys_timeout
                0x00006ff8       0xe0 FLASH_RUN/timers.o
                0x00006ff8                sys_timeout
 .text.lwip_htons
                0x000070d8       0x28 FLASH_RUN/def.o
                0x000070d8                lwip_htons
 .text.lwip_ntohs
                0x00007100       0x1c FLASH_RUN/def.o
                0x00007100                lwip_ntohs
 .text.lwip_htonl
                0x0000711c       0x30 FLASH_RUN/def.o
                0x0000711c                lwip_htonl
 .text.lwip_ntohl
                0x0000714c       0x18 FLASH_RUN/def.o
                0x0000714c                lwip_ntohl
 .text.raw_input
                0x00007164       0xbc FLASH_RUN/raw.o
                0x00007164                raw_input
 .text.udp_input
                0x00007220      0x2ec FLASH_RUN/udp.o
                0x00007220                udp_input
 .text.ip_route
                0x0000750c       0x88 FLASH_RUN/ip.o
                0x0000750c                ip_route
 .text.ip_input
                0x00007594      0x2ec FLASH_RUN/ip.o
                0x00007594                ip_input
 .text.ip_output_if
                0x00007880      0x1d8 FLASH_RUN/ip.o
                0x00007880                ip_output_if
 .text.ip_output
                0x00007a58       0x60 FLASH_RUN/ip.o
                0x00007a58                ip_output
 .text.lwip_standard_chksum
                0x00007ab8       0xb8 FLASH_RUN/inet_chksum.o
 .text.inet_chksum_pseudo
                0x00007b70      0x10c FLASH_RUN/inet_chksum.o
                0x00007b70                inet_chksum_pseudo
 .text.inet_chksum
                0x00007c7c       0x24 FLASH_RUN/inet_chksum.o
                0x00007c7c                inet_chksum
 .text.inet_chksum_pbuf
                0x00007ca0       0x94 FLASH_RUN/inet_chksum.o
                0x00007ca0                inet_chksum_pbuf
 .text.ip4_addr_isbroadcast
                0x00007d34       0x78 FLASH_RUN/ip_addr.o
                0x00007d34                ip4_addr_isbroadcast
 .text.ip_reass_free_complete_datagram
                0x00007dac       0xc0 FLASH_RUN/ip_frag.o
 .text.ip_reass_remove_oldest_datagram
                0x00007e6c       0xb8 FLASH_RUN/ip_frag.o
 .text.ip_reass_enqueue_new_datagram
                0x00007f24       0x84 FLASH_RUN/ip_frag.o
 .text.ip_reass_dequeue_datagram
                0x00007fa8       0x3c FLASH_RUN/ip_frag.o
 .text.ip_reass_chain_frag_into_datagram_and_validate
                0x00007fe4      0x20c FLASH_RUN/ip_frag.o
 .text.ip_reass
                0x000081f0      0x2a0 FLASH_RUN/ip_frag.o
                0x000081f0                ip_reass
 .text.ip_frag_alloc_pbuf_custom_ref
                0x00008490       0x10 FLASH_RUN/ip_frag.o
 .text.ip_frag_free_pbuf_custom_ref
                0x000084a0       0x18 FLASH_RUN/ip_frag.o
 .text.ipfrag_free_pbuf_custom
                0x000084b8       0x2c FLASH_RUN/ip_frag.o
 .text.ip_frag  0x000084e4      0x20c FLASH_RUN/ip_frag.o
                0x000084e4                ip_frag
 .text.icmp_input
                0x000086f0      0x29c FLASH_RUN/icmp.o
                0x000086f0                icmp_input
 .text.icmp_dest_unreach
                0x0000898c       0x20 FLASH_RUN/icmp.o
                0x0000898c                icmp_dest_unreach
 .text.icmp_time_exceeded
                0x000089ac       0x20 FLASH_RUN/icmp.o
                0x000089ac                icmp_time_exceeded
 .text.icmp_send_response
                0x000089cc       0xc0 FLASH_RUN/icmp.o
 .text.low_level_init
                0x00008a8c       0x64 FLASH_RUN/ethernetif.o
 .text.low_level_output
                0x00008af0       0xd8 FLASH_RUN/ethernetif.o
 .text.ethernetif_init
                0x00008bc8       0x60 FLASH_RUN/ethernetif.o
                0x00008bc8                ethernetif_init
 .text.free_entry
                0x00008c28       0x4c FLASH_RUN/etharp.o
 .text.find_entry
                0x00008c74      0x1ac FLASH_RUN/etharp.o
 .text.etharp_send_ip
                0x00008e20       0x54 FLASH_RUN/etharp.o
 .text.update_arp_entry
                0x00008e74       0xe4 FLASH_RUN/etharp.o
 .text.etharp_arp_input
                0x00008f58      0x1cc FLASH_RUN/etharp.o
 .text.etharp_output
                0x00009124      0x150 FLASH_RUN/etharp.o
                0x00009124                etharp_output
 .text.etharp_query
                0x00009274      0x1ec FLASH_RUN/etharp.o
                0x00009274                etharp_query
 .text.etharp_raw
                0x00009460      0x110 FLASH_RUN/etharp.o
 .text.etharp_request
                0x00009570       0x44 FLASH_RUN/etharp.o
                0x00009570                etharp_request
 .text.ethernet_input
                0x000095b4       0xd8 FLASH_RUN/etharp.o
                0x000095b4                ethernet_input
 .text          0x0000968c       0xec c:/program files (x86)/gnu tools arm embedded/5.4 2016q2/bin/../lib/gcc/arm-none-eabi/5.4.1/../../../../arm-none-eabi/lib/armv7-m\libc.a(lib_a-memcpy.o)
                0x0000968c                memcpy
 .text.memset   0x00009778       0x9c c:/program files (x86)/gnu tools arm embedded/5.4 2016q2/bin/../lib/gcc/arm-none-eabi/5.4.1/../../../../arm-none-eabi/lib/armv7-m\libc.a(lib_a-memset.o)
                0x00009778                memset
 *(.plt)
 *(.gnu.warning)
 *(.glue_7t)
 .glue_7t       0x00009814        0x0 linker stubs
 *(.glue_7)
 .glue_7        0x00009814        0x0 linker stubs
 *(.vfp11_veneer)
 .vfp11_veneer  0x00009814        0x0 linker stubs
 *(.rodata .rodata.* .gnu.linkonce.r.*)
 .rodata.memp_sizes
                0x00009814       0x14 FLASH_RUN/memp.o
 .rodata.memp_num
                0x00009828       0x14 FLASH_RUN/memp.o
 .rodata.tcp_backoff
                0x0000983c        0xd FLASH_RUN/tcp.o
                0x0000983c                tcp_backoff
 *fill*         0x00009849        0x3 
 .rodata.tcp_persist_backoff
                0x0000984c        0x7 FLASH_RUN/tcp.o
                0x0000984c                tcp_persist_backoff
 *fill*         0x00009853        0x1 
 .rodata.tcp_pcb_lists
                0x00009854       0x10 FLASH_RUN/tcp.o
                0x00009854                tcp_pcb_lists
 .rodata        0x00009864       0x2c FLASH_RUN/ethernetif.o
 .rodata.ethbroadcast
                0x00009890        0x6 FLASH_RUN/etharp.o
                0x00009890                ethbroadcast
 *fill*         0x00009896        0x2 
 .rodata.ethzero
                0x00009898        0x6 FLASH_RUN/etharp.o
                0x00009898                ethzero
 *(.ARM.extab* .gnu.linkonce.armextab.*)
 *(.gcc_except_table)
 *(.eh_frame_hdr)
 *(.eh_frame)
                0x000098a0                . = ALIGN (0x4)
 *fill*         0x0000989e        0x2 
 *(.init)
                0x000098a0                . = ALIGN (0x4)
                0x000098a0                __preinit_array_start = .
 *(.preinit_array)
                0x000098a0                __preinit_array_end = .
                0x000098a0                . = ALIGN (0x4)
                0x000098a0                __init_array_start = .
 *(SORT(.init_array.*))
 *(.init_array)
                0x000098a0                __init_array_end = .
                0x000098a0                . = ALIGN (0x4)
 *crtbegin.o(.ctors)
 *(EXCLUDE_FILE(*crtend.o) .ctors)
 *(SORT(.ctors.*))
 *crtend.o(.ctors)
                0x000098a0                . = ALIGN (0x4)
 *(.fini)
                0x000098a0                . = ALIGN (0x4)
                0x000098a0                __fini_array_start = .
 *(.fini_array)
 *(SORT(.fini_array.*))
                0x000098a0                __fini_array_end = .
 *crtbegin.o(.dtors)
 *(EXCLUDE_FILE(*crtend.o) .dtors)
 *(SORT(.dtors.*))
 *crtend.o(.dtors)
                0x000098a0                . = ALIGN (0x4)
                0x000098a0                __cs3_regions = .
                0x000098a0        0x4 LONG 0x0
                0x000098a4        0x4 LONG 0x98c0 __cs3_region_init_ram
                0x000098a8        0x4 LONG 0x10000000 __cs3_region_start_ram
                0x000098ac        0x4 LONG 0x10 __cs3_region_init_size_ram
                0x000098b0        0x4 LONG 0x1a98 __cs3_region_zero_size_ram
                0x000098b4                __exidx_start = .

.v4_bx          0x000098b4        0x0
 .v4_bx         0x000098b4        0x0 linker stubs

.iplt           0x000098b4        0x0
 .iplt          0x000098b4        0x0 FLASH_RUN/startup_LPC17xx.o

.ARM.exidx      0x000098b4        0x8
 *(.ARM.exidx* .gnu.linkonce.armexidx.*)
 .ARM.exidx.cs3.reset
                0x000098b4        0x8 FLASH_RUN/startup_LPC17xx.o
                0x000098bc                __exidx_end = .

.rel.dyn        0x000098bc        0x0
 .rel.iplt      0x000098bc        0x0 FLASH_RUN/startup_LPC17xx.o

.text.align     0x000098bc        0x4
                0x000098c0                . = ALIGN (0x8)
 *fill*         0x000098bc        0x4 
                0x000098c0                _etext = .
                0x00010000                __cs3_region_size_rom = LENGTH (rom)
                0x00000001                __cs3_region_num = 0x1

.data           0x10000000       0x10 load address 0x000098c0
                0x10000000                __cs3_region_start_ram = .
                0x10000000                _sdata = .
 *(.cs3.region-head.ram)
 *(.jcr)
 *(.got.plt)
 *(.got)
 *(.shdata)
 *(.data .data.* .gnu.linkonce.d.*)
 .data.netif_eth0
                0x10000000        0x4 FLASH_RUN/main.o
 .data.SystemCoreClock
                0x10000004        0x4 FLASH_RUN/system_LPC17xx.o
                0x10000004                SystemCoreClock
 .data.port.6657
                0x10000008        0x2 FLASH_RUN/tcp.o
 *fill*         0x1000000a        0x2 
 .data.iss.6793
                0x1000000c        0x4 FLASH_RUN/tcp.o
 *(.ram)
                0x10000010                . = ALIGN (0x8)
                0x10000010                _edata = .

.igot.plt       0x10000010        0x0 load address 0x000098d0
 .igot.plt      0x10000010        0x0 FLASH_RUN/startup_LPC17xx.o

.bss            0x10000010     0x1a98 load address 0x000098d0
                0x10000010                _sbss = .
 *(.shbss)
 *(.bss .bss.* .gnu.linkonce.b.*)
 .bss.netif_eth0_data
                0x10000010       0x30 FLASH_RUN/main.o
 .bss.my_ipaddr_data
                0x10000040        0x4 FLASH_RUN/main.o
 .bss.my_netmask_data
                0x10000044        0x4 FLASH_RUN/main.o
 .bss.my_gw_data
                0x10000048        0x4 FLASH_RUN/main.o
 .bss.recvTCPCount.7915
                0x1000004c        0x4 FLASH_RUN/main.o
 .bss.rb        0x10000050      0x210 FLASH_RUN/comm.o
 .bss.TxIntStat
                0x10000260        0x1 FLASH_RUN/comm.o
 *fill*         0x10000261        0x3 
 .bss.uartCbsDat
                0x10000264       0x40 FLASH_RUN/lpc17xx_uart.o
                0x10000264                uartCbsDat
 .bss.pfnModemCbs
                0x100002a4        0x4 FLASH_RUN/lpc17xx_uart.o
                0x100002a4                pfnModemCbs
 .bss.ram       0x100002a8        0x4 FLASH_RUN/mem.o
 .bss.ram_end   0x100002ac        0x4 FLASH_RUN/mem.o
 .bss.lfree     0x100002b0        0x4 FLASH_RUN/mem.o
 .bss.memp_tab  0x100002b4       0x28 FLASH_RUN/memp.o
 .bss.memp_memory
                0x100002dc      0xf0f FLASH_RUN/memp.o
 .bss.netifnum.6606
                0x100011eb        0x1 FLASH_RUN/netif.o
 .bss.tcp_timer
                0x100011ec        0x1 FLASH_RUN/tcp.o
 *fill*         0x100011ed        0x3 
 .bss.inseg     0x100011f0       0x10 FLASH_RUN/tcp_in.o
 .bss.tcphdr    0x10001200        0x4 FLASH_RUN/tcp_in.o
 .bss.iphdr     0x10001204        0x4 FLASH_RUN/tcp_in.o
 .bss.seqno     0x10001208        0x4 FLASH_RUN/tcp_in.o
 .bss.ackno     0x1000120c        0x4 FLASH_RUN/tcp_in.o
 .bss.flags     0x10001210        0x1 FLASH_RUN/tcp_in.o
 *fill*         0x10001211        0x1 
 .bss.tcplen    0x10001212        0x2 FLASH_RUN/tcp_in.o
 .bss.recv_flags
                0x10001214        0x1 FLASH_RUN/tcp_in.o
 *fill*         0x10001215        0x3 
 .bss.recv_data
                0x10001218        0x4 FLASH_RUN/tcp_in.o
 .bss.next_timeout
                0x1000121c        0x4 FLASH_RUN/timers.o
 .bss.tcpip_tcp_timer_active
                0x10001220        0x4 FLASH_RUN/timers.o
 .bss.raw_pcbs  0x10001224        0x4 FLASH_RUN/raw.o
 .bss.ip_id     0x10001228        0x2 FLASH_RUN/ip.o
 *fill*         0x1000122a        0x2 
 .bss.reassdatagrams
                0x1000122c        0x4 FLASH_RUN/ip_frag.o
 .bss.ip_reass_pbufcount
                0x10001230        0x2 FLASH_RUN/ip_frag.o
 *fill*         0x10001232        0x2 
 .bss.arp_table
                0x10001234       0xa0 FLASH_RUN/etharp.o
 .bss.etharp_cached_entry
                0x100012d4        0x1 FLASH_RUN/etharp.o
 *(COMMON)
 *fill*         0x100012d5        0x3 
 COMMON         0x100012d8       0x24 FLASH_RUN/main.o
                0x100012d8                command_parameter
                0x100012dc                command_RW
                0x100012e0                pbuf_ptr
                0x100012e4                command_type
                0x100012e8                responseData
                0x100012ec                command_ptr
                0x100012f0                device_ID
                0x100012f4                systick_counter
                0x100012f8                timer_tick
 COMMON         0x100012fc        0x8 FLASH_RUN/monitor.o
                0x100012fc                xfunc_in
                0x10001300                xfunc_out
 COMMON         0x10001304      0x654 FLASH_RUN/mem.o
                0x10001304                ram_heap
 COMMON         0x10001958        0x8 FLASH_RUN/netif.o
                0x10001958                netif_list
                0x1000195c                netif_default
 COMMON         0x10001960       0x18 FLASH_RUN/tcp.o
                0x10001960                tcp_active_pcbs
                0x10001964                tcp_ticks
                0x10001968                tcp_listen_pcbs
                0x1000196c                tcp_tmp_pcb
                0x10001970                tcp_bound_pcbs
                0x10001974                tcp_tw_pcbs
 COMMON         0x10001978      0x116 FLASH_RUN/stats.o
                0x10001978                lwip_stats
 *fill*         0x10001a8e        0x2 
 COMMON         0x10001a90        0x4 FLASH_RUN/tcp_in.o
                0x10001a90                tcp_input_pcb
 COMMON         0x10001a94        0x4 FLASH_RUN/udp.o
                0x10001a94                udp_pcbs
 COMMON         0x10001a98       0x10 FLASH_RUN/ip.o
                0x10001a98                current_iphdr_src
                0x10001a9c                current_netif
                0x10001aa0                current_iphdr_dest
                0x10001aa4                current_header
 *(.ram.b)
                0x10001aa8                . = ALIGN (0x8)
                0x10001aa8                _ebss = .
                0x10001aa8                _end = .
                0x10001aa8                __end = .

.heap           0x10001aa8      0x700 load address 0x000098d0
 *(.heap)
 .heap          0x10001aa8      0x700 FLASH_RUN/startup_LPC17xx.o
                0x10001aa8                __cs3_heap_start
                0x100021a8                __cs3_heap_end

.stack          0x10007d00      0x300
 *(.stack)
 .stack         0x10007d00      0x300 FLASH_RUN/startup_LPC17xx.o
                0x10007d00                __cs3_stack_mem

.ahb_bank0
 *(.ahb_sram_bank0 .ahb_sram_bank0.*)
                0x000098c0                __cs3_region_init_ram = LOADADDR (.data)
                0x00000010                __cs3_region_init_size_ram = (_edata - __cs3_region_start_ram)
                0x00001a98                __cs3_region_zero_size_ram = (_end - _edata)
                0x00008000                __cs3_region_size_ram = LENGTH (ram)
                0x00000001                __cs3_region_num = 0x1

.stab
 *(.stab)

.stabstr
 *(.stabstr)

.debug
 *(.debug)

.line
 *(.line)

.debug_srcinfo
 *(.debug_srcinfo)

.debug_sfnames
 *(.debug_sfnames)

.debug_aranges  0x00000000      0xda0
 *(.debug_aranges)
 .debug_aranges
                0x00000000       0x28 FLASH_RUN/startup_LPC17xx.o
 .debug_aranges
                0x00000028       0xa8 FLASH_RUN/main.o
 .debug_aranges
                0x000000d0       0x28 FLASH_RUN/clock-arch.o
 .debug_aranges
                0x000000f8       0x38 FLASH_RUN/rtc_cal.o
 .debug_aranges
                0x00000130       0xa0 FLASH_RUN/comm.o
 .debug_aranges
                0x000001d0       0x68 FLASH_RUN/monitor.o
 .debug_aranges
                0x00000238       0x20 FLASH_RUN/syscalls.o
 .debug_aranges
                0x00000258       0x20 FLASH_RUN/delay.o
 .debug_aranges
                0x00000278       0x90 FLASH_RUN/bootLoader.o
 .debug_aranges
                0x00000308       0x28 FLASH_RUN/system_LPC17xx.o
 .debug_aranges
                0x00000330       0x60 FLASH_RUN/lpc17xx_clkpwr.o
 .debug_aranges
                0x00000390       0x48 FLASH_RUN/lpc17xx_pinsel.o
 .debug_aranges
                0x000003d8       0xc8 FLASH_RUN/lpc17xx_gpio.o
 .debug_aranges
                0x000004a0      0x128 FLASH_RUN/lpc17xx_uart.o
 .debug_aranges
                0x000005c8       0x50 FLASH_RUN/lpc17xx_emac.o
 .debug_aranges
                0x00000618       0x20 FLASH_RUN/init.o
 .debug_aranges
                0x00000638       0x48 FLASH_RUN/mem.o
 .debug_aranges
                0x00000680       0x30 FLASH_RUN/memp.o
 .debug_aranges
                0x000006b0       0x80 FLASH_RUN/netif.o
 .debug_aranges
                0x00000730      0x130 FLASH_RUN/tcp.o
 .debug_aranges
                0x00000860       0x20 FLASH_RUN/stats.o
 .debug_aranges
                0x00000880       0x98 FLASH_RUN/tcp_out.o
 .debug_aranges
                0x00000918       0x50 FLASH_RUN/tcp_in.o
 .debug_aranges
                0x00000968       0xa8 FLASH_RUN/pbuf.o
 .debug_aranges
                0x00000a10       0x60 FLASH_RUN/timers.o
 .debug_aranges
                0x00000a70       0x38 FLASH_RUN/def.o
 .debug_aranges
                0x00000aa8       0x58 FLASH_RUN/raw.o
 .debug_aranges
                0x00000b00       0x68 FLASH_RUN/udp.o
 .debug_aranges
                0x00000b68       0x18 FLASH_RUN/dhcp.o
 .debug_aranges
                0x00000b80       0x38 FLASH_RUN/ip.o
 .debug_aranges
                0x00000bb8       0x40 FLASH_RUN/inet_chksum.o
 .debug_aranges
                0x00000bf8       0x48 FLASH_RUN/ip_addr.o
 .debug_aranges
                0x00000c40       0x70 FLASH_RUN/ip_frag.o
 .debug_aranges
                0x00000cb0       0x38 FLASH_RUN/icmp.o
 .debug_aranges
                0x00000ce8       0x40 FLASH_RUN/ethernetif.o
 .debug_aranges
                0x00000d28       0x78 FLASH_RUN/etharp.o

.debug_pubnames
 *(.debug_pubnames)

.debug_info     0x00000000    0x1188a
 *(.debug_info .gnu.linkonce.wi.*)
 .debug_info    0x00000000       0xb2 FLASH_RUN/startup_LPC17xx.o
 .debug_info    0x000000b2     0x1312 FLASH_RUN/main.o
 .debug_info    0x000013c4       0xd5 FLASH_RUN/clock-arch.o
 .debug_info    0x00001499      0x53d FLASH_RUN/rtc_cal.o
 .debug_info    0x000019d6      0xbef FLASH_RUN/comm.o
 .debug_info    0x000025c5      0x40c FLASH_RUN/monitor.o
 .debug_info    0x000029d1       0xe3 FLASH_RUN/syscalls.o
 .debug_info    0x00002ab4       0xb8 FLASH_RUN/delay.o
 .debug_info    0x00002b6c      0x95f FLASH_RUN/bootLoader.o
 .debug_info    0x000034cb      0x2ea FLASH_RUN/system_LPC17xx.o
 .debug_info    0x000037b5      0x5b7 FLASH_RUN/lpc17xx_clkpwr.o
 .debug_info    0x00003d6c      0x460 FLASH_RUN/lpc17xx_pinsel.o
 .debug_info    0x000041cc      0xae6 FLASH_RUN/lpc17xx_gpio.o
 .debug_info    0x00004cb2     0x122c FLASH_RUN/lpc17xx_uart.o
 .debug_info    0x00005ede      0x9e4 FLASH_RUN/lpc17xx_emac.o
 .debug_info    0x000068c2       0x8c FLASH_RUN/init.o
 .debug_info    0x0000694e      0x544 FLASH_RUN/mem.o
 .debug_info    0x00006e92      0x41d FLASH_RUN/memp.o
 .debug_info    0x000072af      0xbec FLASH_RUN/netif.o
 .debug_info    0x00007e9b     0x1504 FLASH_RUN/tcp.o
 .debug_info    0x0000939f      0x285 FLASH_RUN/stats.o
 .debug_info    0x00009624     0x119d FLASH_RUN/tcp_out.o
 .debug_info    0x0000a7c1      0xece FLASH_RUN/tcp_in.o
 .debug_info    0x0000b68f      0x992 FLASH_RUN/pbuf.o
 .debug_info    0x0000c021      0x8db FLASH_RUN/timers.o
 .debug_info    0x0000c8fc      0x150 FLASH_RUN/def.o
 .debug_info    0x0000ca4c      0x73e FLASH_RUN/raw.o
 .debug_info    0x0000d18a      0xabb FLASH_RUN/udp.o
 .debug_info    0x0000dc45       0x72 FLASH_RUN/dhcp.o
 .debug_info    0x0000dcb7      0x7ef FLASH_RUN/ip.o
 .debug_info    0x0000e4a6      0x3f7 FLASH_RUN/inet_chksum.o
 .debug_info    0x0000e89d      0x579 FLASH_RUN/ip_addr.o
 .debug_info    0x0000ee16      0xba7 FLASH_RUN/ip_frag.o
 .debug_info    0x0000f9bd      0x7b7 FLASH_RUN/icmp.o
 .debug_info    0x00010174      0xa8a FLASH_RUN/ethernetif.o
 .debug_info    0x00010bfe      0xc8c FLASH_RUN/etharp.o

.debug_abbrev   0x00000000     0x3910
 *(.debug_abbrev)
 .debug_abbrev  0x00000000       0x12 FLASH_RUN/startup_LPC17xx.o
 .debug_abbrev  0x00000012      0x3aa FLASH_RUN/main.o
 .debug_abbrev  0x000003bc       0x81 FLASH_RUN/clock-arch.o
 .debug_abbrev  0x0000043d      0x14f FLASH_RUN/rtc_cal.o
 .debug_abbrev  0x0000058c      0x317 FLASH_RUN/comm.o
 .debug_abbrev  0x000008a3      0x169 FLASH_RUN/monitor.o
 .debug_abbrev  0x00000a0c       0x8b FLASH_RUN/syscalls.o
 .debug_abbrev  0x00000a97       0x7c FLASH_RUN/delay.o
 .debug_abbrev  0x00000b13      0x1ca FLASH_RUN/bootLoader.o
 .debug_abbrev  0x00000cdd       0xcb FLASH_RUN/system_LPC17xx.o
 .debug_abbrev  0x00000da8      0x1bb FLASH_RUN/lpc17xx_clkpwr.o
 .debug_abbrev  0x00000f63      0x128 FLASH_RUN/lpc17xx_pinsel.o
 .debug_abbrev  0x0000108b      0x190 FLASH_RUN/lpc17xx_gpio.o
 .debug_abbrev  0x0000121b      0x293 FLASH_RUN/lpc17xx_uart.o
 .debug_abbrev  0x000014ae      0x209 FLASH_RUN/lpc17xx_emac.o
 .debug_abbrev  0x000016b7       0x42 FLASH_RUN/init.o
 .debug_abbrev  0x000016f9      0x1ce FLASH_RUN/mem.o
 .debug_abbrev  0x000018c7      0x14f FLASH_RUN/memp.o
 .debug_abbrev  0x00001a16      0x24c FLASH_RUN/netif.o
 .debug_abbrev  0x00001c62      0x2ea FLASH_RUN/tcp.o
 .debug_abbrev  0x00001f4c       0xc6 FLASH_RUN/stats.o
 .debug_abbrev  0x00002012      0x269 FLASH_RUN/tcp_out.o
 .debug_abbrev  0x0000227b      0x22b FLASH_RUN/tcp_in.o
 .debug_abbrev  0x000024a6      0x1bc FLASH_RUN/pbuf.o
 .debug_abbrev  0x00002662      0x1b2 FLASH_RUN/timers.o
 .debug_abbrev  0x00002814       0x98 FLASH_RUN/def.o
 .debug_abbrev  0x000028ac      0x1c1 FLASH_RUN/raw.o
 .debug_abbrev  0x00002a6d      0x200 FLASH_RUN/udp.o
 .debug_abbrev  0x00002c6d       0x26 FLASH_RUN/dhcp.o
 .debug_abbrev  0x00002c93      0x1b0 FLASH_RUN/ip.o
 .debug_abbrev  0x00002e43      0x12d FLASH_RUN/inet_chksum.o
 .debug_abbrev  0x00002f70      0x198 FLASH_RUN/ip_addr.o
 .debug_abbrev  0x00003108      0x212 FLASH_RUN/ip_frag.o
 .debug_abbrev  0x0000331a      0x1c0 FLASH_RUN/icmp.o
 .debug_abbrev  0x000034da      0x23e FLASH_RUN/ethernetif.o
 .debug_abbrev  0x00003718      0x1f8 FLASH_RUN/etharp.o

.debug_line     0x00000000     0x706d
 *(.debug_line)
 .debug_line    0x00000000       0x82 FLASH_RUN/startup_LPC17xx.o
 .debug_line    0x00000082      0x40f FLASH_RUN/main.o
 .debug_line    0x00000491      0x159 FLASH_RUN/clock-arch.o
 .debug_line    0x000005ea      0x222 FLASH_RUN/rtc_cal.o
 .debug_line    0x0000080c      0x39e FLASH_RUN/comm.o
 .debug_line    0x00000baa      0x2e8 FLASH_RUN/monitor.o
 .debug_line    0x00000e92       0x9c FLASH_RUN/syscalls.o
 .debug_line    0x00000f2e       0x72 FLASH_RUN/delay.o
 .debug_line    0x00000fa0      0x3a8 FLASH_RUN/bootLoader.o
 .debug_line    0x00001348      0x1f4 FLASH_RUN/system_LPC17xx.o
 .debug_line    0x0000153c      0x2ba FLASH_RUN/lpc17xx_clkpwr.o
 .debug_line    0x000017f6      0x259 FLASH_RUN/lpc17xx_pinsel.o
 .debug_line    0x00001a4f      0x3d4 FLASH_RUN/lpc17xx_gpio.o
 .debug_line    0x00001e23      0x663 FLASH_RUN/lpc17xx_uart.o
 .debug_line    0x00002486      0x30c FLASH_RUN/lpc17xx_emac.o
 .debug_line    0x00002792       0x59 FLASH_RUN/init.o
 .debug_line    0x000027eb      0x2b4 FLASH_RUN/mem.o
 .debug_line    0x00002a9f      0x21b FLASH_RUN/memp.o
 .debug_line    0x00002cba      0x39b FLASH_RUN/netif.o
 .debug_line    0x00003055      0x7e3 FLASH_RUN/tcp.o
 .debug_line    0x00003838      0x185 FLASH_RUN/stats.o
 .debug_line    0x000039bd      0x661 FLASH_RUN/tcp_out.o
 .debug_line    0x0000401e      0x7fa FLASH_RUN/tcp_in.o
 .debug_line    0x00004818      0x569 FLASH_RUN/pbuf.o
 .debug_line    0x00004d81      0x2f3 FLASH_RUN/timers.o
 .debug_line    0x00005074      0x17d FLASH_RUN/def.o
 .debug_line    0x000051f1      0x2f7 FLASH_RUN/raw.o
 .debug_line    0x000054e8      0x441 FLASH_RUN/udp.o
 .debug_line    0x00005929       0x1d FLASH_RUN/dhcp.o
 .debug_line    0x00005946      0x308 FLASH_RUN/ip.o
 .debug_line    0x00005c4e      0x27d FLASH_RUN/inet_chksum.o
 .debug_line    0x00005ecb      0x334 FLASH_RUN/ip_addr.o
 .debug_line    0x000061ff      0x43b FLASH_RUN/ip_frag.o
 .debug_line    0x0000663a      0x289 FLASH_RUN/icmp.o
 .debug_line    0x000068c3      0x303 FLASH_RUN/ethernetif.o
 .debug_line    0x00006bc6      0x4a7 FLASH_RUN/etharp.o

.debug_frame    0x00000000     0x348c
 *(.debug_frame)
 .debug_frame   0x00000000      0x2d8 FLASH_RUN/main.o
 .debug_frame   0x000002d8       0x50 FLASH_RUN/clock-arch.o
 .debug_frame   0x00000328       0xb0 FLASH_RUN/rtc_cal.o
 .debug_frame   0x000003d8      0x26c FLASH_RUN/comm.o
 .debug_frame   0x00000644      0x1c0 FLASH_RUN/monitor.o
 .debug_frame   0x00000804       0x38 FLASH_RUN/syscalls.o
 .debug_frame   0x0000083c       0x38 FLASH_RUN/delay.o
 .debug_frame   0x00000874      0x238 FLASH_RUN/bootLoader.o
 .debug_frame   0x00000aac       0x58 FLASH_RUN/system_LPC17xx.o
 .debug_frame   0x00000b04      0x144 FLASH_RUN/lpc17xx_clkpwr.o
 .debug_frame   0x00000c48      0x100 FLASH_RUN/lpc17xx_pinsel.o
 .debug_frame   0x00000d48      0x388 FLASH_RUN/lpc17xx_gpio.o
 .debug_frame   0x000010d0      0x534 FLASH_RUN/lpc17xx_uart.o
 .debug_frame   0x00001604      0x128 FLASH_RUN/lpc17xx_emac.o
 .debug_frame   0x0000172c       0x2c FLASH_RUN/init.o
 .debug_frame   0x00001758      0x100 FLASH_RUN/mem.o
 .debug_frame   0x00001858       0x88 FLASH_RUN/memp.o
 .debug_frame   0x000018e0      0x214 FLASH_RUN/netif.o
 .debug_frame   0x00001af4      0x580 FLASH_RUN/tcp.o
 .debug_frame   0x00002074       0x34 FLASH_RUN/stats.o
 .debug_frame   0x000020a8      0x2b8 FLASH_RUN/tcp_out.o
 .debug_frame   0x00002360      0x138 FLASH_RUN/tcp_in.o
 .debug_frame   0x00002498      0x2e0 FLASH_RUN/pbuf.o
 .debug_frame   0x00002778      0x154 FLASH_RUN/timers.o
 .debug_frame   0x000028cc       0xb0 FLASH_RUN/def.o
 .debug_frame   0x0000297c      0x154 FLASH_RUN/raw.o
 .debug_frame   0x00002ad0      0x1a4 FLASH_RUN/udp.o
 .debug_frame   0x00002c74       0xb0 FLASH_RUN/ip.o
 .debug_frame   0x00002d24       0xd8 FLASH_RUN/inet_chksum.o
 .debug_frame   0x00002dfc      0x100 FLASH_RUN/ip_addr.o
 .debug_frame   0x00002efc      0x1c4 FLASH_RUN/ip_frag.o
 .debug_frame   0x000030c0       0xb0 FLASH_RUN/icmp.o
 .debug_frame   0x00003170       0xd8 FLASH_RUN/ethernetif.o
 .debug_frame   0x00003248      0x1f0 FLASH_RUN/etharp.o
 .debug_frame   0x00003438       0x34 c:/program files (x86)/gnu tools arm embedded/5.4 2016q2/bin/../lib/gcc/arm-none-eabi/5.4.1/../../../../arm-none-eabi/lib/armv7-m\libc.a(lib_a-memset.o)
 .debug_frame   0x0000346c       0x20 c:/program files (x86)/gnu tools arm embedded/5.4 2016q2/bin/../lib/gcc/arm-none-eabi/5.4.1/../../../../arm-none-eabi/lib/armv7-m\libc.a(lib_a-strlen-stub.o)

.debug_str      0x00000000     0x3e79
 *(.debug_str)
 .debug_str     0x00000000      0xa74 FLASH_RUN/main.o
                                0xba3 (size before relaxing)
 .debug_str     0x00000a74       0x37 FLASH_RUN/clock-arch.o
                                0x20c (size before relaxing)
 .debug_str     0x00000aab      0x20b FLASH_RUN/rtc_cal.o
                                0x450 (size before relaxing)
 .debug_str     0x00000cb6      0x403 FLASH_RUN/comm.o
                                0x90a (size before relaxing)
 .debug_str     0x000010b9       0x79 FLASH_RUN/monitor.o
                                0x205 (size before relaxing)
 .debug_str     0x00001132       0x39 FLASH_RUN/syscalls.o
                                0x1f8 (size before relaxing)
 .debug_str     0x0000116b       0x19 FLASH_RUN/delay.o
                                0x1e6 (size before relaxing)
 .debug_str     0x00001184      0x1cd FLASH_RUN/bootLoader.o
                                0x60f (size before relaxing)
 .debug_str     0x00001351      0x14a FLASH_RUN/system_LPC17xx.o
                                0x37a (size before relaxing)
 .debug_str     0x0000149b       0xea FLASH_RUN/lpc17xx_clkpwr.o
                                0x485 (size before relaxing)
 .debug_str     0x00001585      0x22a FLASH_RUN/lpc17xx_pinsel.o
                                0x489 (size before relaxing)
 .debug_str     0x000017af      0x354 FLASH_RUN/lpc17xx_gpio.o
                                0x55f (size before relaxing)
 .debug_str     0x00001b03      0x7d7 FLASH_RUN/lpc17xx_uart.o
                                0xd14 (size before relaxing)
 .debug_str     0x000022da      0x28d FLASH_RUN/lpc17xx_emac.o
                                0x6f4 (size before relaxing)
 .debug_str     0x00002567       0x21 FLASH_RUN/init.o
                                0x1e5 (size before relaxing)
 .debug_str     0x00002588      0x1f0 FLASH_RUN/mem.o
                                0x409 (size before relaxing)
 .debug_str     0x00002778       0x71 FLASH_RUN/memp.o
                                0x3c5 (size before relaxing)
 .debug_str     0x000027e9      0x156 FLASH_RUN/netif.o
                                0x78a (size before relaxing)
 .debug_str     0x0000293f      0x32b FLASH_RUN/tcp.o
                                0xa7e (size before relaxing)
 .debug_str     0x00002c6a       0x2d FLASH_RUN/stats.o
                                0x340 (size before relaxing)
 .debug_str     0x00002c97      0x22a FLASH_RUN/tcp_out.o
                                0x955 (size before relaxing)
 .debug_str     0x00002ec1      0x17b FLASH_RUN/tcp_in.o
                                0x8f8 (size before relaxing)
 .debug_str     0x0000303c      0x215 FLASH_RUN/pbuf.o
                                0x5ae (size before relaxing)
 .debug_str     0x00003251      0x12b FLASH_RUN/timers.o
                                0x6f8 (size before relaxing)
 .debug_str     0x0000337c       0x4c FLASH_RUN/def.o
                                0x23a (size before relaxing)
 .debug_str     0x000033c8       0xab FLASH_RUN/raw.o
                                0x51f (size before relaxing)
 .debug_str     0x00003473      0x154 FLASH_RUN/udp.o
                                0x6a0 (size before relaxing)
 .debug_str     0x000035c7       0x21 FLASH_RUN/dhcp.o
                                0x1db (size before relaxing)
 .debug_str     0x000035e8       0xa5 FLASH_RUN/ip.o
                                0x59d (size before relaxing)
 .debug_str     0x0000368d       0xb1 FLASH_RUN/inet_chksum.o
                                0x325 (size before relaxing)
 .debug_str     0x0000373e       0xb8 FLASH_RUN/ip_addr.o
                                0x394 (size before relaxing)
 .debug_str     0x000037f6      0x28a FLASH_RUN/ip_frag.o
                                0x79a (size before relaxing)
 .debug_str     0x00003a80       0x8e FLASH_RUN/icmp.o
                                0x57c (size before relaxing)
 .debug_str     0x00003b0e       0xc7 FLASH_RUN/ethernetif.o
                                0x696 (size before relaxing)
 .debug_str     0x00003bd5      0x2a4 FLASH_RUN/etharp.o
                                0x748 (size before relaxing)

.debug_loc
 *(.debug_loc)

.debug_macinfo
 *(.debug_macinfo)

.debug_weaknames
 *(.debug_weaknames)

.debug_funcnames
 *(.debug_funcnames)

.debug_typenames
 *(.debug_typenames)

.debug_varnames
 *(.debug_varnames)

.note.gnu.arm.ident
 *(.note.gnu.arm.ident)

.ARM.attributes
                0x00000000       0x2f
 *(.ARM.attributes)
 .ARM.attributes
                0x00000000       0x21 FLASH_RUN/startup_LPC17xx.o
 .ARM.attributes
                0x00000021       0x33 FLASH_RUN/main.o
 .ARM.attributes
                0x00000054       0x33 FLASH_RUN/clock-arch.o
 .ARM.attributes
                0x00000087       0x33 FLASH_RUN/rtc_cal.o
 .ARM.attributes
                0x000000ba       0x33 FLASH_RUN/comm.o
 .ARM.attributes
                0x000000ed       0x33 FLASH_RUN/monitor.o
 .ARM.attributes
                0x00000120       0x33 FLASH_RUN/syscalls.o
 .ARM.attributes
                0x00000153       0x33 FLASH_RUN/delay.o
 .ARM.attributes
                0x00000186       0x33 FLASH_RUN/bootLoader.o
 .ARM.attributes
                0x000001b9       0x33 FLASH_RUN/system_LPC17xx.o
 .ARM.attributes
                0x000001ec       0x33 FLASH_RUN/lpc17xx_clkpwr.o
 .ARM.attributes
                0x0000021f       0x33 FLASH_RUN/lpc17xx_pinsel.o
 .ARM.attributes
                0x00000252       0x33 FLASH_RUN/lpc17xx_gpio.o
 .ARM.attributes
                0x00000285       0x33 FLASH_RUN/lpc17xx_uart.o
 .ARM.attributes
                0x000002b8       0x33 FLASH_RUN/lpc17xx_emac.o
 .ARM.attributes
                0x000002eb       0x33 FLASH_RUN/init.o
 .ARM.attributes
                0x0000031e       0x33 FLASH_RUN/mem.o
 .ARM.attributes
                0x00000351       0x33 FLASH_RUN/memp.o
 .ARM.attributes
                0x00000384       0x33 FLASH_RUN/netif.o
 .ARM.attributes
                0x000003b7       0x33 FLASH_RUN/tcp.o
 .ARM.attributes
                0x000003ea       0x33 FLASH_RUN/stats.o
 .ARM.attributes
                0x0000041d       0x33 FLASH_RUN/tcp_out.o
 .ARM.attributes
                0x00000450       0x33 FLASH_RUN/tcp_in.o
 .ARM.attributes
                0x00000483       0x33 FLASH_RUN/pbuf.o
 .ARM.attributes
                0x000004b6       0x33 FLASH_RUN/timers.o
 .ARM.attributes
                0x000004e9       0x33 FLASH_RUN/def.o
 .ARM.attributes
                0x0000051c       0x33 FLASH_RUN/raw.o
 .ARM.attributes
                0x0000054f       0x33 FLASH_RUN/udp.o
 .ARM.attributes
                0x00000582       0x33 FLASH_RUN/dhcp.o
 .ARM.attributes
                0x000005b5       0x33 FLASH_RUN/ip.o
 .ARM.attributes
                0x000005e8       0x33 FLASH_RUN/inet_chksum.o
 .ARM.attributes
                0x0000061b       0x33 FLASH_RUN/ip_addr.o
 .ARM.attributes
                0x0000064e       0x33 FLASH_RUN/ip_frag.o
 .ARM.attributes
                0x00000681       0x33 FLASH_RUN/icmp.o
 .ARM.attributes
                0x000006b4       0x33 FLASH_RUN/ethernetif.o
 .ARM.attributes
                0x000006e7       0x33 FLASH_RUN/etharp.o
 .ARM.attributes
                0x0000071a       0x1b c:/program files (x86)/gnu tools arm embedded/5.4 2016q2/bin/../lib/gcc/arm-none-eabi/5.4.1/../../../../arm-none-eabi/lib/armv7-m\libc.a(lib_a-memcpy.o)
 .ARM.attributes
                0x00000735       0x2d c:/program files (x86)/gnu tools arm embedded/5.4 2016q2/bin/../lib/gcc/arm-none-eabi/5.4.1/../../../../arm-none-eabi/lib/armv7-m\libc.a(lib_a-memset.o)
 .ARM.attributes
                0x00000762       0x2d c:/program files (x86)/gnu tools arm embedded/5.4 2016q2/bin/../lib/gcc/arm-none-eabi/5.4.1/../../../../arm-none-eabi/lib/armv7-m\libc.a(lib_a-strlen-stub.o)

/DISCARD/
 *(.note.GNU-stack)
OUTPUT(FLASH_RUN/lwip.elf elf32-littlearm)

.debug_ranges   0x00000000      0xbf0
 .debug_ranges  0x00000000       0x20 FLASH_RUN/startup_LPC17xx.o
 .debug_ranges  0x00000020       0x98 FLASH_RUN/main.o
 .debug_ranges  0x000000b8       0x18 FLASH_RUN/clock-arch.o
 .debug_ranges  0x000000d0       0x28 FLASH_RUN/rtc_cal.o
 .debug_ranges  0x000000f8       0x90 FLASH_RUN/comm.o
 .debug_ranges  0x00000188       0x58 FLASH_RUN/monitor.o
 .debug_ranges  0x000001e0       0x10 FLASH_RUN/syscalls.o
 .debug_ranges  0x000001f0       0x10 FLASH_RUN/delay.o
 .debug_ranges  0x00000200       0x80 FLASH_RUN/bootLoader.o
 .debug_ranges  0x00000280       0x18 FLASH_RUN/system_LPC17xx.o
 .debug_ranges  0x00000298       0x50 FLASH_RUN/lpc17xx_clkpwr.o
 .debug_ranges  0x000002e8       0x38 FLASH_RUN/lpc17xx_pinsel.o
 .debug_ranges  0x00000320       0xb8 FLASH_RUN/lpc17xx_gpio.o
 .debug_ranges  0x000003d8      0x118 FLASH_RUN/lpc17xx_uart.o
 .debug_ranges  0x000004f0       0x40 FLASH_RUN/lpc17xx_emac.o
 .debug_ranges  0x00000530       0x10 FLASH_RUN/init.o
 .debug_ranges  0x00000540       0x38 FLASH_RUN/mem.o
 .debug_ranges  0x00000578       0x20 FLASH_RUN/memp.o
 .debug_ranges  0x00000598       0x88 FLASH_RUN/netif.o
 .debug_ranges  0x00000620      0x120 FLASH_RUN/tcp.o
 .debug_ranges  0x00000740       0x10 FLASH_RUN/stats.o
 .debug_ranges  0x00000750       0xe8 FLASH_RUN/tcp_out.o
 .debug_ranges  0x00000838       0x40 FLASH_RUN/tcp_in.o
 .debug_ranges  0x00000878       0x98 FLASH_RUN/pbuf.o
 .debug_ranges  0x00000910       0x50 FLASH_RUN/timers.o
 .debug_ranges  0x00000960       0x28 FLASH_RUN/def.o
 .debug_ranges  0x00000988       0x48 FLASH_RUN/raw.o
 .debug_ranges  0x000009d0       0x58 FLASH_RUN/udp.o
 .debug_ranges  0x00000a28       0x28 FLASH_RUN/ip.o
 .debug_ranges  0x00000a50       0x30 FLASH_RUN/inet_chksum.o
 .debug_ranges  0x00000a80       0x38 FLASH_RUN/ip_addr.o
 .debug_ranges  0x00000ab8       0x60 FLASH_RUN/ip_frag.o
 .debug_ranges  0x00000b18       0x40 FLASH_RUN/icmp.o
 .debug_ranges  0x00000b58       0x30 FLASH_RUN/ethernetif.o
 .debug_ranges  0x00000b88       0x68 FLASH_RUN/etharp.o

.comment        0x00000000       0x6e
 .comment       0x00000000       0x6e FLASH_RUN/main.o
                                 0x6f (size before relaxing)
 .comment       0x0000006e       0x6f FLASH_RUN/clock-arch.o
 .comment       0x0000006e       0x6f FLASH_RUN/rtc_cal.o
 .comment       0x0000006e       0x6f FLASH_RUN/comm.o
 .comment       0x0000006e       0x6f FLASH_RUN/monitor.o
 .comment       0x0000006e       0x6f FLASH_RUN/syscalls.o
 .comment       0x0000006e       0x6f FLASH_RUN/delay.o
 .comment       0x0000006e       0x6f FLASH_RUN/bootLoader.o
 .comment       0x0000006e       0x6f FLASH_RUN/system_LPC17xx.o
 .comment       0x0000006e       0x6f FLASH_RUN/lpc17xx_clkpwr.o
 .comment       0x0000006e       0x6f FLASH_RUN/lpc17xx_pinsel.o
 .comment       0x0000006e       0x6f FLASH_RUN/lpc17xx_gpio.o
 .comment       0x0000006e       0x6f FLASH_RUN/lpc17xx_uart.o
 .comment       0x0000006e       0x6f FLASH_RUN/lpc17xx_emac.o
 .comment       0x0000006e       0x6f FLASH_RUN/init.o
 .comment       0x0000006e       0x6f FLASH_RUN/mem.o
 .comment       0x0000006e       0x6f FLASH_RUN/memp.o
 .comment       0x0000006e       0x6f FLASH_RUN/netif.o
 .comment       0x0000006e       0x6f FLASH_RUN/tcp.o
 .comment       0x0000006e       0x6f FLASH_RUN/stats.o
 .comment       0x0000006e       0x6f FLASH_RUN/tcp_out.o
 .comment       0x0000006e       0x6f FLASH_RUN/tcp_in.o
 .comment       0x0000006e       0x6f FLASH_RUN/pbuf.o
 .comment       0x0000006e       0x6f FLASH_RUN/timers.o
 .comment       0x0000006e       0x6f FLASH_RUN/def.o
 .comment       0x0000006e       0x6f FLASH_RUN/raw.o
 .comment       0x0000006e       0x6f FLASH_RUN/udp.o
 .comment       0x0000006e       0x6f FLASH_RUN/dhcp.o
 .comment       0x0000006e       0x6f FLASH_RUN/ip.o
 .comment       0x0000006e       0x6f FLASH_RUN/inet_chksum.o
 .comment       0x0000006e       0x6f FLASH_RUN/ip_addr.o
 .comment       0x0000006e       0x6f FLASH_RUN/ip_frag.o
 .comment       0x0000006e       0x6f FLASH_RUN/icmp.o
 .comment       0x0000006e       0x6f FLASH_RUN/ethernetif.o
 .comment       0x0000006e       0x6f FLASH_RUN/etharp.o

Cross Reference Table

Symbol                                            File
ADC_IRQHandler                                    FLASH_RUN/startup_LPC17xx.o
BOD_IRQHandler                                    FLASH_RUN/startup_LPC17xx.o
BusFault_Handler                                  FLASH_RUN/startup_LPC17xx.o
CAN_IRQHandler                                    FLASH_RUN/startup_LPC17xx.o
CLKPWR_ConfigPPWR                                 FLASH_RUN/lpc17xx_clkpwr.o
                                                  FLASH_RUN/lpc17xx_uart.o
CLKPWR_DeepPowerDown                              FLASH_RUN/lpc17xx_clkpwr.o
CLKPWR_DeepSleep                                  FLASH_RUN/lpc17xx_clkpwr.o
CLKPWR_GetPCLK                                    FLASH_RUN/lpc17xx_clkpwr.o
                                                  FLASH_RUN/lpc17xx_uart.o
CLKPWR_GetPCLKSEL                                 FLASH_RUN/lpc17xx_clkpwr.o
CLKPWR_PowerDown                                  FLASH_RUN/lpc17xx_clkpwr.o
CLKPWR_SetPCLKDiv                                 FLASH_RUN/lpc17xx_clkpwr.o
CLKPWR_Sleep                                      FLASH_RUN/lpc17xx_clkpwr.o
DMA_IRQHandler                                    FLASH_RUN/startup_LPC17xx.o
DebugMon_Handler                                  FLASH_RUN/startup_LPC17xx.o
Default_Handler                                   FLASH_RUN/startup_LPC17xx.o
Delay                                             FLASH_RUN/main.o
EINT0_IRQHandler                                  FLASH_RUN/startup_LPC17xx.o
EINT1_IRQHandler                                  FLASH_RUN/startup_LPC17xx.o
EINT2_IRQHandler                                  FLASH_RUN/startup_LPC17xx.o
EINT3_IRQHandler                                  FLASH_RUN/startup_LPC17xx.o
EMAC_Init                                         FLASH_RUN/lpc17xx_emac.o
                                                  FLASH_RUN/ethernetif.o
EMAC_ReadPacket                                   FLASH_RUN/lpc17xx_emac.o
EMAC_SendPacket                                   FLASH_RUN/lpc17xx_emac.o
                                                  FLASH_RUN/ethernetif.o
ENET_IRQHandler                                   FLASH_RUN/startup_LPC17xx.o
FIO_ByteClearValue                                FLASH_RUN/lpc17xx_gpio.o
FIO_ByteReadValue                                 FLASH_RUN/lpc17xx_gpio.o
FIO_ByteSetDir                                    FLASH_RUN/lpc17xx_gpio.o
FIO_ByteSetMask                                   FLASH_RUN/lpc17xx_gpio.o
FIO_ByteSetValue                                  FLASH_RUN/lpc17xx_gpio.o
FIO_ClearValue                                    FLASH_RUN/lpc17xx_gpio.o
FIO_HalfWordClearValue                            FLASH_RUN/lpc17xx_gpio.o
FIO_HalfWordReadValue                             FLASH_RUN/lpc17xx_gpio.o
FIO_HalfWordSetDir                                FLASH_RUN/lpc17xx_gpio.o
FIO_HalfWordSetMask                               FLASH_RUN/lpc17xx_gpio.o
FIO_HalfWordSetValue                              FLASH_RUN/lpc17xx_gpio.o
FIO_ReadValue                                     FLASH_RUN/lpc17xx_gpio.o
FIO_SetDir                                        FLASH_RUN/lpc17xx_gpio.o
FIO_SetMask                                       FLASH_RUN/lpc17xx_gpio.o
FIO_SetValue                                      FLASH_RUN/lpc17xx_gpio.o
GPIO_ClearValue                                   FLASH_RUN/lpc17xx_gpio.o
GPIO_ReadValue                                    FLASH_RUN/lpc17xx_gpio.o
GPIO_SetDir                                       FLASH_RUN/lpc17xx_gpio.o
GPIO_SetValue                                     FLASH_RUN/lpc17xx_gpio.o
HardFault_Handler                                 FLASH_RUN/startup_LPC17xx.o
I2C0_IRQHandler                                   FLASH_RUN/startup_LPC17xx.o
I2C1_IRQHandler                                   FLASH_RUN/startup_LPC17xx.o
I2C2_IRQHandler                                   FLASH_RUN/startup_LPC17xx.o
I2S_IRQHandler                                    FLASH_RUN/startup_LPC17xx.o
MCPWM_IRQHandler                                  FLASH_RUN/startup_LPC17xx.o
MemManage_Handler                                 FLASH_RUN/startup_LPC17xx.o
NMI_Handler                                       FLASH_RUN/startup_LPC17xx.o
PINSEL_ConfigPin                                  FLASH_RUN/lpc17xx_pinsel.o
                                                  FLASH_RUN/comm.o
PINSEL_ConfigTraceFunc                            FLASH_RUN/lpc17xx_pinsel.o
PINSEL_SetI2C0Pins                                FLASH_RUN/lpc17xx_pinsel.o
PINSEL_SetOpenDrainMode                           FLASH_RUN/lpc17xx_pinsel.o
PINSEL_SetPinFunc                                 FLASH_RUN/lpc17xx_pinsel.o
PINSEL_SetResistorMode                            FLASH_RUN/lpc17xx_pinsel.o
PLL0_IRQHandler                                   FLASH_RUN/startup_LPC17xx.o
PLL1_IRQHandler                                   FLASH_RUN/startup_LPC17xx.o
PWM1_IRQHandler                                   FLASH_RUN/startup_LPC17xx.o
PendSV_Handler                                    FLASH_RUN/startup_LPC17xx.o
QEI_IRQHandler                                    FLASH_RUN/startup_LPC17xx.o
RIT_IRQHandler                                    FLASH_RUN/startup_LPC17xx.o
RTC_CalibConfig                                   FLASH_RUN/rtc_cal.o
RTC_CalibCounterCmd                               FLASH_RUN/rtc_cal.o
RTC_Cmd                                           FLASH_RUN/rtc_cal.o
RTC_IRQHandler                                    FLASH_RUN/startup_LPC17xx.o
RTC_Init                                          FLASH_RUN/rtc_cal.o
RTC_SetFullTime                                   FLASH_RUN/rtc_cal.o
SPI_IRQHandler                                    FLASH_RUN/startup_LPC17xx.o
SSP0_IRQHandler                                   FLASH_RUN/startup_LPC17xx.o
SSP1_IRQHandler                                   FLASH_RUN/startup_LPC17xx.o
SVC_Handler                                       FLASH_RUN/startup_LPC17xx.o
SysTick_Handler                                   FLASH_RUN/main.o
                                                  FLASH_RUN/startup_LPC17xx.o
SystemCoreClock                                   FLASH_RUN/system_LPC17xx.o
                                                  FLASH_RUN/lpc17xx_clkpwr.o
SystemCoreClockUpdate                             FLASH_RUN/system_LPC17xx.o
SystemInit                                        FLASH_RUN/system_LPC17xx.o
                                                  FLASH_RUN/startup_LPC17xx.o
TIMER0_IRQHandler                                 FLASH_RUN/startup_LPC17xx.o
TIMER1_IRQHandler                                 FLASH_RUN/startup_LPC17xx.o
TIMER2_IRQHandler                                 FLASH_RUN/startup_LPC17xx.o
TIMER3_IRQHandler                                 FLASH_RUN/startup_LPC17xx.o
UART0_IRQHandler                                  FLASH_RUN/comm.o
                                                  FLASH_RUN/startup_LPC17xx.o
UART0_StdIntHandler                               FLASH_RUN/lpc17xx_uart.o
                                                  FLASH_RUN/comm.o
UART1_IRQHandler                                  FLASH_RUN/startup_LPC17xx.o
UART1_StdIntHandler                               FLASH_RUN/lpc17xx_uart.o
UART2_IRQHandler                                  FLASH_RUN/startup_LPC17xx.o
UART2_StdIntHandler                               FLASH_RUN/lpc17xx_uart.o
UART3_IRQHandler                                  FLASH_RUN/startup_LPC17xx.o
UART3_StdIntHandler                               FLASH_RUN/lpc17xx_uart.o
UART_ABCmd                                        FLASH_RUN/lpc17xx_uart.o
UART_CheckBusy                                    FLASH_RUN/lpc17xx_uart.o
                                                  FLASH_RUN/comm.o
UART_ConfigStructInit                             FLASH_RUN/lpc17xx_uart.o
                                                  FLASH_RUN/comm.o
UART_DeInit                                       FLASH_RUN/lpc17xx_uart.o
UART_FIFOConfig                                   FLASH_RUN/lpc17xx_uart.o
                                                  FLASH_RUN/comm.o
UART_FIFOConfigStructInit                         FLASH_RUN/lpc17xx_uart.o
                                                  FLASH_RUN/comm.o
UART_ForceBreak                                   FLASH_RUN/lpc17xx_uart.o
UART_FullModemConfigMode                          FLASH_RUN/lpc17xx_uart.o
UART_FullModemForcePinState                       FLASH_RUN/lpc17xx_uart.o
UART_FullModemGetStatus                           FLASH_RUN/lpc17xx_uart.o
UART_GenIntHandler                                FLASH_RUN/lpc17xx_uart.o
UART_GetLineStatus                                FLASH_RUN/lpc17xx_uart.o
UART_Init                                         FLASH_RUN/lpc17xx_uart.o
                                                  FLASH_RUN/comm.o
UART_IntConfig                                    FLASH_RUN/lpc17xx_uart.o
                                                  FLASH_RUN/comm.o
UART_IrDACmd                                      FLASH_RUN/lpc17xx_uart.o
UART_IrDAInvtInputCmd                             FLASH_RUN/lpc17xx_uart.o
UART_IrDAPulseDivConfig                           FLASH_RUN/lpc17xx_uart.o
UART_RS485Config                                  FLASH_RUN/lpc17xx_uart.o
UART_RS485ReceiverCmd                             FLASH_RUN/lpc17xx_uart.o
UART_RS485Send                                    FLASH_RUN/lpc17xx_uart.o
UART_RS485SendData                                FLASH_RUN/lpc17xx_uart.o
UART_RS485SendSlvAddr                             FLASH_RUN/lpc17xx_uart.o
UART_Receive                                      FLASH_RUN/lpc17xx_uart.o
                                                  FLASH_RUN/comm.o
UART_ReceiveData                                  FLASH_RUN/lpc17xx_uart.o
UART_Send                                         FLASH_RUN/lpc17xx_uart.o
                                                  FLASH_RUN/comm.o
UART_SendData                                     FLASH_RUN/lpc17xx_uart.o
UART_SetupCbs                                     FLASH_RUN/lpc17xx_uart.o
                                                  FLASH_RUN/comm.o
UART_TxCmd                                        FLASH_RUN/lpc17xx_uart.o
                                                  FLASH_RUN/comm.o
USB_IRQHandler                                    FLASH_RUN/startup_LPC17xx.o
UsageFault_Handler                                FLASH_RUN/startup_LPC17xx.o
WDT_IRQHandler                                    FLASH_RUN/startup_LPC17xx.o
__cs3_heap_end                                    FLASH_RUN/startup_LPC17xx.o
__cs3_heap_start                                  FLASH_RUN/startup_LPC17xx.o
                                                  FLASH_RUN/syscalls.o
__cs3_interrupt_vector_cortex_m                   FLASH_RUN/startup_LPC17xx.o
__cs3_reset                                       FLASH_RUN/startup_LPC17xx.o
__cs3_reset_cortex_m                              FLASH_RUN/startup_LPC17xx.o
__cs3_stack                                       FLASH_RUN/startup_LPC17xx.o
__cs3_stack_mem                                   FLASH_RUN/startup_LPC17xx.o
__cs3_stack_size                                  FLASH_RUN/startup_LPC17xx.o
_ebss                                             FLASH_RUN/startup_LPC17xx.o
_edata                                            FLASH_RUN/startup_LPC17xx.o
_etext                                            FLASH_RUN/startup_LPC17xx.o
_sbrk                                             FLASH_RUN/syscalls.o
_sbss                                             FLASH_RUN/startup_LPC17xx.o
_sdata                                            FLASH_RUN/startup_LPC17xx.o
acceptTCP                                         FLASH_RUN/main.o
addrBeginPage                                     FLASH_RUN/bootLoader.o
addrDecode                                        FLASH_RUN/bootLoader.o
blank_check                                       FLASH_RUN/bootLoader.o
bootLoad                                          FLASH_RUN/bootLoader.o
client_init                                       FLASH_RUN/main.o
clock_init                                        FLASH_RUN/clock-arch.o
clock_time                                        FLASH_RUN/clock-arch.o
closeTCP                                          FLASH_RUN/main.o
comm_get                                          FLASH_RUN/comm.o
comm_init                                         FLASH_RUN/comm.o
                                                  FLASH_RUN/main.o
comm_put                                          FLASH_RUN/comm.o
comm_puts                                         FLASH_RUN/comm.o
comm_test                                         FLASH_RUN/comm.o
comm_txbusy                                       FLASH_RUN/comm.o
command                                           FLASH_RUN/bootLoader.o
command_RW                                        FLASH_RUN/bootLoader.o
                                                  FLASH_RUN/main.o
command_parameter                                 FLASH_RUN/bootLoader.o
                                                  FLASH_RUN/main.o
command_ptr                                       FLASH_RUN/main.o
command_type                                      FLASH_RUN/bootLoader.o
                                                  FLASH_RUN/main.o
compare_mem                                       FLASH_RUN/bootLoader.o
cpyData                                           FLASH_RUN/bootLoader.o
cpyDataV2                                         FLASH_RUN/bootLoader.o
current_header                                    FLASH_RUN/ip.o
current_iphdr_dest                                FLASH_RUN/ip.o
                                                  FLASH_RUN/icmp.o
                                                  FLASH_RUN/udp.o
                                                  FLASH_RUN/raw.o
                                                  FLASH_RUN/tcp_in.o
current_iphdr_src                                 FLASH_RUN/ip.o
                                                  FLASH_RUN/icmp.o
                                                  FLASH_RUN/udp.o
                                                  FLASH_RUN/raw.o
                                                  FLASH_RUN/tcp_in.o
current_netif                                     FLASH_RUN/ip.o
dataArr                                           FLASH_RUN/bootLoader.o
dataArrIndex                                      FLASH_RUN/bootLoader.o
delay_ms                                          FLASH_RUN/delay.o
device_ID                                         FLASH_RUN/bootLoader.o
                                                  FLASH_RUN/main.o
erase_sector                                      FLASH_RUN/bootLoader.o
errorTCP                                          FLASH_RUN/main.o
etharp_find_addr                                  FLASH_RUN/etharp.o
etharp_output                                     FLASH_RUN/etharp.o
                                                  FLASH_RUN/ethernetif.o
etharp_query                                      FLASH_RUN/etharp.o
etharp_request                                    FLASH_RUN/etharp.o
                                                  FLASH_RUN/netif.o
etharp_tmr                                        FLASH_RUN/etharp.o
                                                  FLASH_RUN/timers.o
ethbroadcast                                      FLASH_RUN/etharp.o
ethernet_input                                    FLASH_RUN/etharp.o
                                                  FLASH_RUN/main.o
ethernetif_init                                   FLASH_RUN/ethernetif.o
                                                  FLASH_RUN/main.o
ethernetif_input                                  FLASH_RUN/ethernetif.o
                                                  FLASH_RUN/bootLoader.o
ethzero                                           FLASH_RUN/etharp.o
getUartNum                                        FLASH_RUN/lpc17xx_uart.o
get_line                                          FLASH_RUN/monitor.o
icmp_dest_unreach                                 FLASH_RUN/icmp.o
                                                  FLASH_RUN/ip.o
                                                  FLASH_RUN/udp.o
icmp_input                                        FLASH_RUN/icmp.o
                                                  FLASH_RUN/ip.o
icmp_time_exceeded                                FLASH_RUN/icmp.o
                                                  FLASH_RUN/ip_frag.o
inet_chksum                                       FLASH_RUN/inet_chksum.o
                                                  FLASH_RUN/icmp.o
                                                  FLASH_RUN/ip_frag.o
                                                  FLASH_RUN/ip.o
inet_chksum_pbuf                                  FLASH_RUN/inet_chksum.o
                                                  FLASH_RUN/icmp.o
inet_chksum_pseudo                                FLASH_RUN/inet_chksum.o
                                                  FLASH_RUN/udp.o
                                                  FLASH_RUN/tcp_in.o
                                                  FLASH_RUN/tcp_out.o
inet_chksum_pseudo_partial                        FLASH_RUN/inet_chksum.o
init_timer                                        FLASH_RUN/clock-arch.o
ip4_addr_isbroadcast                              FLASH_RUN/ip_addr.o
                                                  FLASH_RUN/etharp.o
                                                  FLASH_RUN/icmp.o
                                                  FLASH_RUN/ip.o
                                                  FLASH_RUN/udp.o
                                                  FLASH_RUN/tcp_in.o
ip4_addr_netmask_valid                            FLASH_RUN/ip_addr.o
ip_addr_any                                       FLASH_RUN/ip_addr.o
                                                  FLASH_RUN/main.o
ip_addr_broadcast                                 FLASH_RUN/ip_addr.o
ip_frag                                           FLASH_RUN/ip_frag.o
                                                  FLASH_RUN/ip.o
ip_input                                          FLASH_RUN/ip.o
                                                  FLASH_RUN/etharp.o
ip_output                                         FLASH_RUN/ip.o
                                                  FLASH_RUN/icmp.o
                                                  FLASH_RUN/tcp_out.o
ip_output_if                                      FLASH_RUN/ip.o
                                                  FLASH_RUN/icmp.o
                                                  FLASH_RUN/udp.o
                                                  FLASH_RUN/raw.o
ip_reass                                          FLASH_RUN/ip_frag.o
                                                  FLASH_RUN/ip.o
ip_reass_tmr                                      FLASH_RUN/ip_frag.o
                                                  FLASH_RUN/timers.o
ip_route                                          FLASH_RUN/ip.o
                                                  FLASH_RUN/udp.o
                                                  FLASH_RUN/raw.o
                                                  FLASH_RUN/tcp_out.o
                                                  FLASH_RUN/tcp.o
ipaddr_addr                                       FLASH_RUN/ip_addr.o
ipaddr_aton                                       FLASH_RUN/ip_addr.o
ipaddr_ntoa                                       FLASH_RUN/ip_addr.o
ipaddr_ntoa_r                                     FLASH_RUN/ip_addr.o
jump_to_app_section                               FLASH_RUN/bootLoader.o
lwip_htonl                                        FLASH_RUN/def.o
                                                  FLASH_RUN/ip_addr.o
                                                  FLASH_RUN/tcp_out.o
lwip_htons                                        FLASH_RUN/def.o
                                                  FLASH_RUN/etharp.o
                                                  FLASH_RUN/ethernetif.o
                                                  FLASH_RUN/ip_frag.o
                                                  FLASH_RUN/inet_chksum.o
                                                  FLASH_RUN/ip.o
                                                  FLASH_RUN/udp.o
                                                  FLASH_RUN/tcp_in.o
                                                  FLASH_RUN/tcp_out.o
lwip_init                                         FLASH_RUN/init.o
lwip_ntohl                                        FLASH_RUN/def.o
                                                  FLASH_RUN/tcp_in.o
                                                  FLASH_RUN/tcp_out.o
lwip_ntohs                                        FLASH_RUN/def.o
                                                  FLASH_RUN/icmp.o
                                                  FLASH_RUN/ip_frag.o
                                                  FLASH_RUN/ip.o
                                                  FLASH_RUN/udp.o
                                                  FLASH_RUN/tcp_in.o
                                                  FLASH_RUN/tcp_out.o
lwip_stats                                        FLASH_RUN/stats.o
                                                  FLASH_RUN/etharp.o
                                                  FLASH_RUN/ethernetif.o
                                                  FLASH_RUN/icmp.o
                                                  FLASH_RUN/ip_frag.o
                                                  FLASH_RUN/ip.o
                                                  FLASH_RUN/udp.o
                                                  FLASH_RUN/tcp_in.o
                                                  FLASH_RUN/tcp_out.o
                                                  FLASH_RUN/tcp.o
                                                  FLASH_RUN/memp.o
                                                  FLASH_RUN/mem.o
main                                              FLASH_RUN/main.o
                                                  FLASH_RUN/startup_LPC17xx.o
mem_calloc                                        FLASH_RUN/mem.o
mem_free                                          FLASH_RUN/mem.o
                                                  FLASH_RUN/pbuf.o
                                                  FLASH_RUN/main.o
mem_init                                          FLASH_RUN/mem.o
                                                  FLASH_RUN/init.o
                                                  FLASH_RUN/main.o
mem_malloc                                        FLASH_RUN/mem.o
                                                  FLASH_RUN/ethernetif.o
                                                  FLASH_RUN/pbuf.o
mem_trim                                          FLASH_RUN/mem.o
                                                  FLASH_RUN/pbuf.o
memcpy                                            c:/program files (x86)/gnu tools arm embedded/5.4 2016q2/bin/../lib/gcc/arm-none-eabi/5.4.1/../../../../arm-none-eabi/lib/armv7-m\libc.a(lib_a-memcpy.o)
                                                  FLASH_RUN/etharp.o
                                                  FLASH_RUN/ethernetif.o
                                                  FLASH_RUN/icmp.o
                                                  FLASH_RUN/ip_frag.o
                                                  FLASH_RUN/pbuf.o
                                                  FLASH_RUN/tcp_out.o
                                                  FLASH_RUN/tcp.o
                                                  FLASH_RUN/lpc17xx_emac.o
memoryWrite                                       FLASH_RUN/bootLoader.o
memp_free                                         FLASH_RUN/memp.o
                                                  FLASH_RUN/ip_frag.o
                                                  FLASH_RUN/udp.o
                                                  FLASH_RUN/raw.o
                                                  FLASH_RUN/timers.o
                                                  FLASH_RUN/pbuf.o
                                                  FLASH_RUN/tcp_in.o
                                                  FLASH_RUN/tcp.o
memp_init                                         FLASH_RUN/memp.o
                                                  FLASH_RUN/init.o
                                                  FLASH_RUN/main.o
memp_malloc                                       FLASH_RUN/memp.o
                                                  FLASH_RUN/ip_frag.o
                                                  FLASH_RUN/udp.o
                                                  FLASH_RUN/raw.o
                                                  FLASH_RUN/timers.o
                                                  FLASH_RUN/pbuf.o
                                                  FLASH_RUN/tcp_out.o
                                                  FLASH_RUN/tcp.o
memset                                            c:/program files (x86)/gnu tools arm embedded/5.4 2016q2/bin/../lib/gcc/arm-none-eabi/5.4.1/../../../../arm-none-eabi/lib/armv7-m\libc.a(lib_a-memset.o)
                                                  FLASH_RUN/ip_frag.o
                                                  FLASH_RUN/udp.o
                                                  FLASH_RUN/raw.o
                                                  FLASH_RUN/tcp.o
                                                  FLASH_RUN/mem.o
netif_add                                         FLASH_RUN/netif.o
                                                  FLASH_RUN/main.o
netif_default                                     FLASH_RUN/netif.o
                                                  FLASH_RUN/ip.o
netif_find                                        FLASH_RUN/netif.o
netif_init                                        FLASH_RUN/netif.o
                                                  FLASH_RUN/init.o
netif_list                                        FLASH_RUN/netif.o
                                                  FLASH_RUN/ip.o
netif_remove                                      FLASH_RUN/netif.o
netif_set_addr                                    FLASH_RUN/netif.o
netif_set_default                                 FLASH_RUN/netif.o
                                                  FLASH_RUN/main.o
netif_set_down                                    FLASH_RUN/netif.o
netif_set_gw                                      FLASH_RUN/netif.o
netif_set_ipaddr                                  FLASH_RUN/netif.o
netif_set_link_down                               FLASH_RUN/netif.o
netif_set_link_up                                 FLASH_RUN/netif.o
netif_set_netmask                                 FLASH_RUN/netif.o
netif_set_up                                      FLASH_RUN/netif.o
                                                  FLASH_RUN/main.o
output                                            FLASH_RUN/bootLoader.o
pbuf_alloc                                        FLASH_RUN/pbuf.o
                                                  FLASH_RUN/etharp.o
                                                  FLASH_RUN/ethernetif.o
                                                  FLASH_RUN/icmp.o
                                                  FLASH_RUN/ip_frag.o
                                                  FLASH_RUN/udp.o
                                                  FLASH_RUN/raw.o
                                                  FLASH_RUN/tcp_out.o
pbuf_alloced_custom                               FLASH_RUN/pbuf.o
                                                  FLASH_RUN/ip_frag.o
pbuf_cat                                          FLASH_RUN/pbuf.o
                                                  FLASH_RUN/ip_frag.o
                                                  FLASH_RUN/tcp_in.o
                                                  FLASH_RUN/tcp_out.o
pbuf_chain                                        FLASH_RUN/pbuf.o
                                                  FLASH_RUN/udp.o
                                                  FLASH_RUN/raw.o
pbuf_clen                                         FLASH_RUN/pbuf.o
                                                  FLASH_RUN/ip_frag.o
                                                  FLASH_RUN/tcp_in.o
                                                  FLASH_RUN/tcp_out.o
pbuf_coalesce                                     FLASH_RUN/pbuf.o
pbuf_copy                                         FLASH_RUN/pbuf.o
                                                  FLASH_RUN/etharp.o
                                                  FLASH_RUN/icmp.o
pbuf_copy_partial                                 FLASH_RUN/pbuf.o
                                                  FLASH_RUN/tcp_out.o
pbuf_dechain                                      FLASH_RUN/pbuf.o
pbuf_free                                         FLASH_RUN/pbuf.o
                                                  FLASH_RUN/etharp.o
                                                  FLASH_RUN/ethernetif.o
                                                  FLASH_RUN/icmp.o
                                                  FLASH_RUN/ip_frag.o
                                                  FLASH_RUN/ip.o
                                                  FLASH_RUN/udp.o
                                                  FLASH_RUN/raw.o
                                                  FLASH_RUN/tcp_in.o
                                                  FLASH_RUN/tcp_out.o
                                                  FLASH_RUN/tcp.o
pbuf_get_at                                       FLASH_RUN/pbuf.o
pbuf_header                                       FLASH_RUN/pbuf.o
                                                  FLASH_RUN/etharp.o
                                                  FLASH_RUN/ethernetif.o
                                                  FLASH_RUN/icmp.o
                                                  FLASH_RUN/ip_frag.o
                                                  FLASH_RUN/ip.o
                                                  FLASH_RUN/udp.o
                                                  FLASH_RUN/raw.o
                                                  FLASH_RUN/tcp_in.o
                                                  FLASH_RUN/tcp_out.o
pbuf_memcmp                                       FLASH_RUN/pbuf.o
pbuf_memfind                                      FLASH_RUN/pbuf.o
pbuf_ptr                                          FLASH_RUN/main.o
pbuf_realloc                                      FLASH_RUN/pbuf.o
                                                  FLASH_RUN/ip.o
                                                  FLASH_RUN/tcp_in.o
pbuf_ref                                          FLASH_RUN/pbuf.o
                                                  FLASH_RUN/etharp.o
                                                  FLASH_RUN/ip_frag.o
                                                  FLASH_RUN/tcp.o
pbuf_strstr                                       FLASH_RUN/pbuf.o
pbuf_take                                         FLASH_RUN/pbuf.o
pfnModemCbs                                       FLASH_RUN/lpc17xx_uart.o
pollTCP                                           FLASH_RUN/main.o
prepare_sector                                    FLASH_RUN/bootLoader.o
put_dump                                          FLASH_RUN/monitor.o
ram_heap                                          FLASH_RUN/mem.o
raw_bind                                          FLASH_RUN/raw.o
raw_connect                                       FLASH_RUN/raw.o
raw_input                                         FLASH_RUN/raw.o
                                                  FLASH_RUN/ip.o
raw_new                                           FLASH_RUN/raw.o
raw_recv                                          FLASH_RUN/raw.o
raw_remove                                        FLASH_RUN/raw.o
raw_send                                          FLASH_RUN/raw.o
raw_sendto                                        FLASH_RUN/raw.o
read_boot_version                                 FLASH_RUN/bootLoader.o
read_part_id                                      FLASH_RUN/bootLoader.o
recvTCP                                           FLASH_RUN/main.o
reinvoke_isp                                      FLASH_RUN/bootLoader.o
responseData                                      FLASH_RUN/main.o
return_code                                       FLASH_RUN/bootLoader.o